Archive member included to satisfy reference by file (symbol)

/home/sangam/Desktop/nuttxspace/nuttx/staging/libarch.a(stm32_start.o)
                              (__start)
/home/sangam/Desktop/nuttxspace/nuttx/staging/libarch.a(stm32_rcc.o)
                              /home/sangam/Desktop/nuttxspace/nuttx/staging/libarch.a(stm32_start.o) (stm32_clockconfig)
/home/sangam/Desktop/nuttxspace/nuttx/staging/libarch.a(stm32_gpio.o)
                              /home/sangam/Desktop/nuttxspace/nuttx/staging/libarch.a(stm32_start.o) (stm32_gpioinit)
/home/sangam/Desktop/nuttxspace/nuttx/staging/libarch.a(stm32_lowputc.o)
                              /home/sangam/Desktop/nuttxspace/nuttx/staging/libarch.a(stm32_start.o) (stm32_lowsetup)
/home/sangam/Desktop/nuttxspace/nuttx/staging/libarch.a(stm32_serial.o)
                              /home/sangam/Desktop/nuttxspace/nuttx/staging/libarch.a(stm32_start.o) (arm_earlyserialinit)
/home/sangam/Desktop/nuttxspace/nuttx/staging/libarch.a(arm_modifyreg32.o)
                              /home/sangam/Desktop/nuttxspace/nuttx/staging/libarch.a(stm32_serial.o) (modifyreg32)
/home/sangam/Desktop/nuttxspace/nuttx/staging/libarch.a(arm_vectors.o)
                              (_vectors)
/home/sangam/Desktop/nuttxspace/nuttx/staging/libarch.a(arm_exception.o)
                              /home/sangam/Desktop/nuttxspace/nuttx/staging/libarch.a(arm_vectors.o) (exception_common)
/home/sangam/Desktop/nuttxspace/nuttx/staging/libarch.a(stm32_irq.o)
                              /home/sangam/Desktop/nuttxspace/nuttx/staging/libarch.a(stm32_serial.o) (up_disable_irq)
/home/sangam/Desktop/nuttxspace/nuttx/staging/libarch.a(arm_doirq.o)
                              /home/sangam/Desktop/nuttxspace/nuttx/staging/libarch.a(arm_exception.o) (arm_doirq)
/home/sangam/Desktop/nuttxspace/nuttx/staging/libarch.a(arm_hardfault.o)
                              /home/sangam/Desktop/nuttxspace/nuttx/staging/libarch.a(stm32_irq.o) (arm_hardfault)
/home/sangam/Desktop/nuttxspace/nuttx/staging/libarch.a(arm_svcall.o)
                              /home/sangam/Desktop/nuttxspace/nuttx/staging/libarch.a(stm32_irq.o) (arm_svcall)
/home/sangam/Desktop/nuttxspace/nuttx/staging/libarch.a(arm_initialize.o)
                              /home/sangam/Desktop/nuttxspace/nuttx/staging/libarch.a(arm_doirq.o) (g_current_regs)
/home/sangam/Desktop/nuttxspace/nuttx/staging/libboard.a(stm32_boot.o)
                              /home/sangam/Desktop/nuttxspace/nuttx/staging/libarch.a(stm32_start.o) (stm32_boardinitialize)
/home/sangam/Desktop/nuttxspace/nuttx/staging/libsched.a(nx_start.o)
                              /home/sangam/Desktop/nuttxspace/nuttx/staging/libarch.a(stm32_start.o) (nx_start)
/home/sangam/Desktop/nuttxspace/nuttx/staging/libsched.a(nx_bringup.o)
                              /home/sangam/Desktop/nuttxspace/nuttx/staging/libsched.a(nx_start.o) (nx_bringup)
/home/sangam/Desktop/nuttxspace/nuttx/staging/libsched.a(irq_initialize.o)
                              /home/sangam/Desktop/nuttxspace/nuttx/staging/libsched.a(nx_start.o) (irq_initialize)
/home/sangam/Desktop/nuttxspace/nuttx/staging/libsched.a(irq_attach.o)
                              /home/sangam/Desktop/nuttxspace/nuttx/staging/libarch.a(stm32_serial.o) (irq_attach)
/home/sangam/Desktop/nuttxspace/nuttx/staging/libsched.a(irq_dispatch.o)
                              /home/sangam/Desktop/nuttxspace/nuttx/staging/libarch.a(arm_doirq.o) (irq_dispatch)
/home/sangam/Desktop/nuttxspace/nuttx/staging/libsched.a(irq_unexpectedisr.o)
                              /home/sangam/Desktop/nuttxspace/nuttx/staging/libsched.a(irq_initialize.o) (irq_unexpected_isr)
/home/sangam/Desktop/nuttxspace/nuttx/staging/libsched.a(assert.o)
                              /home/sangam/Desktop/nuttxspace/nuttx/staging/libarch.a(arm_hardfault.o) (_assert)
/home/sangam/Desktop/nuttxspace/nuttx/staging/libsched.a(panic_notifier.o)
                              /home/sangam/Desktop/nuttxspace/nuttx/staging/libsched.a(assert.o) (panic_notifier_call_chain)
/home/sangam/Desktop/nuttxspace/nuttx/staging/libsched.a(reboot_notifier.o)
                              /home/sangam/Desktop/nuttxspace/nuttx/staging/libsched.a(assert.o) (reboot_notifier_call_chain)
/home/sangam/Desktop/nuttxspace/nuttx/staging/libsched.a(mq_initialize.o)
                              /home/sangam/Desktop/nuttxspace/nuttx/staging/libsched.a(nx_start.o) (nxmq_initialize)
/home/sangam/Desktop/nuttxspace/nuttx/staging/libsched.a(msginternal.o)
                              /home/sangam/Desktop/nuttxspace/nuttx/staging/libsched.a(nx_start.o) (nxmsg_initialize)
/home/sangam/Desktop/nuttxspace/nuttx/staging/libsched.a(sched_foreach.o)
                              /home/sangam/Desktop/nuttxspace/nuttx/staging/libsched.a(assert.o) (nxsched_foreach)
/home/sangam/Desktop/nuttxspace/nuttx/staging/libsched.a(sched_lock.o)
[...]
Memory Configuration

Name             Origin             Length             Attributes
flash            0x0000000008000000 0x0000000000010000 xr
sram             0x0000000020000000 0x0000000000005000 xrw
*default*        0x0000000000000000 0xffffffffffffffff

Linker script and memory map


.text           0x0000000008000000     0xb340
                0x0000000008000000                _stext = ABSOLUTE (.)
 *(.vectors)
 .vectors       0x0000000008000000      0x130 /home/sangam/Desktop/nuttxspace/nuttx/staging/libarch.a(arm_vectors.o)
                0x0000000008000000                _vectors
 *(.text .text.*)
 .text.__start  0x0000000008000130       0x54 /home/sangam/Desktop/nuttxspace/nuttx/staging/libarch.a(stm32_start.o)
                0x0000000008000130                __start
 .text.stm32_clockconfig
                0x0000000008000184      0x10c /home/sangam/Desktop/nuttxspace/nuttx/staging/libarch.a(stm32_rcc.o)
                0x0000000008000184                stm32_clockconfig
 .text.stm32_gpioinit
                0x0000000008000290        0xc /home/sangam/Desktop/nuttxspace/nuttx/staging/libarch.a(stm32_gpio.o)
                0x0000000008000290                stm32_gpioinit
 .text.stm32_configgpio
                0x000000000800029c       0xc8 /home/sangam/Desktop/nuttxspace/nuttx/staging/libarch.a(stm32_gpio.o)
                0x000000000800029c                stm32_configgpio
 .text.stm32_unconfiggpio
                0x0000000008000364        0xc /home/sangam/Desktop/nuttxspace/nuttx/staging/libarch.a(stm32_gpio.o)
                0x0000000008000364                stm32_unconfiggpio
 .text.stm32_gpiowrite
                0x0000000008000370       0x2c /home/sangam/Desktop/nuttxspace/nuttx/staging/libarch.a(stm32_gpio.o)
                0x0000000008000370                stm32_gpiowrite
 .text.arm_lowputc
                0x000000000800039c       0x18 /home/sangam/Desktop/nuttxspace/nuttx/staging/libarch.a(stm32_lowputc.o)
                0x000000000800039c                arm_lowputc
 .text.stm32_lowsetup
                0x00000000080003b4       0x70 /home/sangam/Desktop/nuttxspace/nuttx/staging/libarch.a(stm32_lowputc.o)
                0x00000000080003b4                stm32_lowsetup
 .text.up_setusartint
                0x0000000008000424       0x2c /home/sangam/Desktop/nuttxspace/nuttx/staging/libarch.a(stm32_serial.o)
 .text.up_restoreusartint
                0x0000000008000450       0x16 /home/sangam/Desktop/nuttxspace/nuttx/staging/libarch.a(stm32_serial.o)
 .text.up_disableusartint
                0x0000000008000466       0x2e /home/sangam/Desktop/nuttxspace/nuttx/staging/libarch.a(stm32_serial.o)
 .text.up_set_format
                0x0000000008000494       0x86 /home/sangam/Desktop/nuttxspace/nuttx/staging/libarch.a(stm32_serial.o)
 .text.up_receive
                0x000000000800051a       0x1e /home/sangam/Desktop/nuttxspace/nuttx/staging/libarch.a(stm32_serial.o)
 .text.up_rxint
                0x0000000008000538       0x2e /home/sangam/Desktop/nuttxspace/nuttx/staging/libarch.a(stm32_serial.o)
 .text.up_rxavailable
                0x0000000008000566       0x10 /home/sangam/Desktop/nuttxspace/nuttx/staging/libarch.a(stm32_serial.o)
 .text.up_send  0x0000000008000576        0xc /home/sangam/Desktop/nuttxspace/nuttx/staging/libarch.a(stm32_serial.o)
 .text.up_txint
                0x0000000008000582       0x30 /home/sangam/Desktop/nuttxspace/nuttx/staging/libarch.a(stm32_serial.o)
 .text.up_txready
                0x00000000080005b2       0x10 /home/sangam/Desktop/nuttxspace/nuttx/staging/libarch.a(stm32_serial.o)
 .text.up_ioctl
                0x00000000080005c2       0xa6 /home/sangam/Desktop/nuttxspace/nuttx/staging/libarch.a(stm32_serial.o)
 .text.up_detach
                0x0000000008000668       0x1e /home/sangam/Desktop/nuttxspace/nuttx/staging/libarch.a(stm32_serial.o)
 *fill*         0x0000000008000686        0x2 
 .text.up_attach
                0x0000000008000688       0x28 /home/sangam/Desktop/nuttxspace/nuttx/staging/libarch.a(stm32_serial.o)
 .text.up_interrupt
                0x00000000080006b0       0x58 /home/sangam/Desktop/nuttxspace/nuttx/staging/libarch.a(stm32_serial.o)
 .text.up_setup
                0x0000000008000708       0x8c /home/sangam/Desktop/nuttxspace/nuttx/staging/libarch.a(stm32_serial.o)
 .text.up_shutdown
                0x0000000008000794       0x5c /home/sangam/Desktop/nuttxspace/nuttx/staging/libarch.a(stm32_serial.o)
 .text.arm_earlyserialinit
                0x00000000080007f0       0x18 /home/sangam/Desktop/nuttxspace/nuttx/staging/libarch.a(stm32_serial.o)
                0x00000000080007f0                arm_earlyserialinit
 .text.arm_serialinit
                0x0000000008000808       0x5c /home/sangam/Desktop/nuttxspace/nuttx/staging/libarch.a(stm32_serial.o)
                0x0000000008000808                arm_serialinit
 .text.up_putc  0x0000000008000864       0x34 /home/sangam/Desktop/nuttxspace/nuttx/staging/libarch.a(stm32_serial.o)
                0x0000000008000864                up_putc
 .text.modifyreg32
                0x0000000008000898       0x1c /home/sangam/Desktop/nuttxspace/nuttx/staging/libarch.a(arm_modifyreg32.o)
                0x0000000008000898                modifyreg32
 .text          0x00000000080008b4       0x46 /home/sangam/Desktop/nuttxspace/nuttx/staging/libarch.a(arm_exception.o)
                0x00000000080008b4                exception_common
 *fill*         0x00000000080008fa        0x2 
 .text.stm32_irqinfo
                0x00000000080008fc       0x68 /home/sangam/Desktop/nuttxspace/nuttx/staging/libarch.a(stm32_irq.o)
 .text.up_irqinitialize
                0x0000000008000964       0x70 /home/sangam/Desktop/nuttxspace/nuttx/staging/libarch.a(stm32_irq.o)
                0x0000000008000964                up_irqinitialize
 .text.up_disable_irq
                0x00000000080009d4       0x24 /home/sangam/Desktop/nuttxspace/nuttx/staging/libarch.a(stm32_irq.o)
                0x00000000080009d4                up_disable_irq
 .text.up_enable_irq
                0x00000000080009f8       0x24 /home/sangam/Desktop/nuttxspace/nuttx/staging/libarch.a(stm32_irq.o)
                0x00000000080009f8                up_enable_irq
 .text.arm_ack_irq
                0x0000000008000a1c        0x2 /home/sangam/Desktop/nuttxspace/nuttx/staging/libarch.a(stm32_irq.o)
                0x0000000008000a1c                arm_ack_irq
 *fill*         0x0000000008000a1e        0x2 
 .text.arm_doirq
                0x0000000008000a20       0x30 /home/sangam/Desktop/nuttxspace/nuttx/staging/libarch.a(arm_doirq.o)
                0x0000000008000a20                arm_doirq
 .text.arm_hardfault
                0x0000000008000a50       0x58 /home/sangam/Desktop/nuttxspace/nuttx/staging/libarch.a(arm_hardfault.o)
                0x0000000008000a50                arm_hardfault
 .text.arm_svcall
                0x0000000008000aa8       0x24 /home/sangam/Desktop/nuttxspace/nuttx/staging/libarch.a(arm_svcall.o)
                0x0000000008000aa8                arm_svcall
 .text.up_initialize
                0x0000000008000acc        0x4 /home/sangam/Desktop/nuttxspace/nuttx/staging/libarch.a(arm_initialize.o)
                0x0000000008000acc                up_initialize
 .text.stm32_boardinitialize
                0x0000000008000ad0        0x2 /home/sangam/Desktop/nuttxspace/nuttx/staging/libboard.a(stm32_boot.o)
                0x0000000008000ad0                stm32_boardinitialize
 *fill*         0x0000000008000ad2        0x2 
 .text.nx_start
                0x0000000008000ad4      0x11c /home/sangam/Desktop/nuttxspace/nuttx/staging/libsched.a(nx_start.o)
                0x0000000008000ad4                nx_start
 .text.nx_bringup
                0x0000000008000bf0       0x50 /home/sangam/Desktop/nuttxspace/nuttx/staging/libsched.a(nx_bringup.o)
                0x0000000008000bf0                nx_bringup
 .text.irq_initialize
                0x0000000008000c40       0x1c /home/sangam/Desktop/nuttxspace/nuttx/staging/libsched.a(irq_initialize.o)
                0x0000000008000c40                irq_initialize
 .text.irq_attach
                0x0000000008000c5c       0x40 /home/sangam/Desktop/nuttxspace/nuttx/staging/libsched.a(irq_attach.o)
                0x0000000008000c5c                irq_attach
 .text.irq_dispatch
                0x0000000008000c9c       0x3c /home/sangam/Desktop/nuttxspace/nuttx/staging/libsched.a(irq_dispatch.o)
                0x0000000008000c9c                irq_dispatch
 .text.irq_unexpected_isr
                0x0000000008000cd8       0x18 /home/sangam/Desktop/nuttxspace/nuttx/staging/libsched.a(irq_unexpectedisr.o)
                0x0000000008000cd8                irq_unexpected_isr
 .text.stack_dump
                0x0000000008000cf0       0x50 /home/sangam/Desktop/nuttxspace/nuttx/staging/libsched.a(assert.o)
 .text.dump_task
                0x0000000008000d40       0xd0 /home/sangam/Desktop/nuttxspace/nuttx/staging/libsched.a(assert.o)
 .text._assert  0x0000000008000e10      0x180 /home/sangam/Desktop/nuttxspace/nuttx/staging/libsched.a(assert.o)
                0x0000000008000e10                _assert
 .text.panic_notifier_call_chain
                0x0000000008000f90       0x30 /home/sangam/Desktop/nuttxspace/nuttx/staging/libsched.a(panic_notifier.o)
                0x0000000008000f90                panic_notifier_call_chain
 .text.register_reboot_notifier
                0x0000000008000fc0       0x34 /home/sangam/Desktop/nuttxspace/nuttx/staging/libsched.a(reboot_notifier.o)
                0x0000000008000fc0                register_reboot_notifier
 .text.reboot_notifier_call_chain
                0x0000000008000ff4       0x30 /home/sangam/Desktop/nuttxspace/nuttx/staging/libsched.a(reboot_notifier.o)
                0x0000000008000ff4                reboot_notifier_call_chain
 .text.mq_msgblockalloc.constprop.0
                0x0000000008001024       0x26 /home/sangam/Desktop/nuttxspace/nuttx/staging/libsched.a(mq_initialize.o)
 *fill*         0x000000000800104a        0x2 
 .text.nxmq_initialize
                0x000000000800104c       0x20 /home/sangam/Desktop/nuttxspace/nuttx/staging/libsched.a(mq_initialize.o)
                0x000000000800104c                nxmq_initialize
 .text.nxmsg_initialize
                0x000000000800106c       0x30 /home/sangam/Desktop/nuttxspace/nuttx/staging/libsched.a(msginternal.o)
                0x000000000800106c                nxmsg_initialize
 .text.nxsched_foreach
                0x000000000800109c       0x48 /home/sangam/Desktop/nuttxspace/nuttx/staging/libsched.a(sched_foreach.o)
                0x000000000800109c                nxsched_foreach
 .text.sched_lock
                0x00000000080010e4       0x20 /home/sangam/Desktop/nuttxspace/nuttx/staging/libsched.a(sched_lock.o)
                0x00000000080010e4                sched_lock
 .text.sched_unlock
                0x0000000008001104       0x74 /home/sangam/Desktop/nuttxspace/nuttx/staging/libsched.a(sched_unlock.o)
                0x0000000008001104                sched_unlock
 .text.nxsched_get_stateinfo
                0x0000000008001178       0x50 /home/sangam/Desktop/nuttxspace/nuttx/staging/libsched.a(sched_get_stateinfo.o)
                0x0000000008001178                nxsched_get_stateinfo
 .text.nxsig_alloc_pendingsignalblock.constprop.0
                0x00000000080011c8       0x32 /home/sangam/Desktop/nuttxspace/nuttx/staging/libsched.a(sig_initialize.o)
 .text.nxsig_alloc_block.constprop.0
                0x00000000080011fa       0x32 /home/sangam/Desktop/nuttxspace/nuttx/staging/libsched.a(sig_initialize.o)
 .text.nxsig_initialize
                0x000000000800122c       0x58 /home/sangam/Desktop/nuttxspace/nuttx/staging/libsched.a(sig_initialize.o)
                0x000000000800122c                nxsig_initialize
 .text.task_spawn
                0x0000000008001284       0xdc /home/sangam/Desktop/nuttxspace/nuttx/staging/libsched.a(task_spawn.o)
                0x0000000008001284                task_spawn
 .text.timer_initialize
                0x0000000008001360       0x44 /home/sangam/Desktop/nuttxspace/nuttx/staging/libsched.a(timer_initialize.o)
                0x0000000008001360                timer_initialize
 .text.timer_deleteall
                0x00000000080013a4       0x30 /home/sangam/Desktop/nuttxspace/nuttx/staging/libsched.a(timer_initialize.o)
                0x00000000080013a4                timer_deleteall
 .text.timer_gethandle
                0x00000000080013d4       0x24 /home/sangam/Desktop/nuttxspace/nuttx/staging/libsched.a(timer_initialize.o)
                0x00000000080013d4                timer_gethandle
 .text.timer_delete
                0x00000000080013f8       0x20 /home/sangam/Desktop/nuttxspace/nuttx/staging/libsched.a(timer_delete.o)
                0x00000000080013f8                timer_delete
 .text.timer_release
                0x0000000008001418       0x98 /home/sangam/Desktop/nuttxspace/nuttx/staging/libsched.a(timer_release.o)
                0x0000000008001418                timer_release
 .text.tls_init_info
                0x00000000080014b0       0x1c /home/sangam/Desktop/nuttxspace/nuttx/staging/libsched.a(tls_initinfo.o)
                0x00000000080014b0                tls_init_info
 .text.wd_cancel
                0x00000000080014cc       0x5c /home/sangam/Desktop/nuttxspace/nuttx/staging/libsched.a(wd_cancel.o)
                0x00000000080014cc                wd_cancel
 .text.work_thread
                0x0000000008001528       0x4e /home/sangam/Desktop/nuttxspace/nuttx/staging/libsched.a(kwork_thread.o)
 *fill*         0x0000000008001576        0x2 
 .text.work_start_highpri
                0x0000000008001578       0x58 /home/sangam/Desktop/nuttxspace/nuttx/staging/libsched.a(kwork_thread.o)
                0x0000000008001578                work_start_highpri
 .text.clock_initialize
                0x00000000080015d0        0x4 /home/sangam/Desktop/nuttxspace/nuttx/staging/libsched.a(clock_initialize.o)
                0x00000000080015d0                clock_initialize
 .text.clock_timer
                0x00000000080015d4       0x10 /home/sangam/Desktop/nuttxspace/nuttx/staging/libsched.a(clock_initialize.o)
                0x00000000080015d4                clock_timer
 .text.get_environ_ptr
                0x00000000080015e4       0x10 /home/sangam/Desktop/nuttxspace/nuttx/staging/libsched.a(env_getenvironptr.o)
                0x00000000080015e4                get_environ_ptr
 .text.setenv   0x00000000080015f4       0xe0 /home/sangam/Desktop/nuttxspace/nuttx/staging/libsched.a(env_setenv.o)
                0x00000000080015f4                setenv
 .text.unsetenv
                0x00000000080016d4       0x4c /home/sangam/Desktop/nuttxspace/nuttx/staging/libsched.a(env_unsetenv.o)
                0x00000000080016d4                unsetenv
 .text.group_allocate
                0x0000000008001720       0x64 /home/sangam/Desktop/nuttxspace/nuttx/staging/libsched.a(group_create.o)
                0x0000000008001720                group_allocate
 .text.group_initialize
                0x0000000008001784       0x3c /home/sangam/Desktop/nuttxspace/nuttx/staging/libsched.a(group_create.o)
                0x0000000008001784                group_initialize
 .text.group_setupidlefiles
                0x00000000080017c0       0x30 /home/sangam/Desktop/nuttxspace/nuttx/staging/libsched.a(group_setupidlefiles.o)
                0x00000000080017c0                group_setupidlefiles
 .text.group_argvstr
                0x00000000080017f0       0x70 /home/sangam/Desktop/nuttxspace/nuttx/staging/libsched.a(group_argvstr.o)
                0x00000000080017f0                group_argvstr
 .text.nxsched_merge_pending
                0x0000000008001860       0x60 /home/sangam/Desktop/nuttxspace/nuttx/staging/libsched.a(sched_mergepending.o)
                0x0000000008001860                nxsched_merge_pending
 .text.nxsched_get_param
                0x00000000080018c0       0x48 /home/sangam/Desktop/nuttxspace/nuttx/staging/libsched.a(sched_getparam.o)
                0x00000000080018c0                nxsched_get_param
 .text.sched_getparam
                0x0000000008001908       0x1a /home/sangam/Desktop/nuttxspace/nuttx/staging/libsched.a(sched_getparam.o)
                0x0000000008001908                sched_getparam
 *fill*         0x0000000008001922        0x2 
 .text.nxsem_wait
                0x0000000008001924       0x70 /home/sangam/Desktop/nuttxspace/nuttx/staging/libsched.a(sem_wait.o)
                0x0000000008001924                nxsem_wait
 .text.nxsem_wait_uninterruptible
                0x0000000008001994       0x10 /home/sangam/Desktop/nuttxspace/nuttx/staging/libsched.a(sem_wait.o)
                0x0000000008001994                nxsem_wait_uninterruptible
 .text.nxthread_create
                0x00000000080019a4       0x56 /home/sangam/Desktop/nuttxspace/nuttx/staging/libsched.a(task_create.o)
                0x00000000080019a4                nxthread_create
 .text.kthread_create_with_stack
                0x00000000080019fa       0x1e /home/sangam/Desktop/nuttxspace/nuttx/staging/libsched.a(task_create.o)
                0x00000000080019fa                kthread_create_with_stack
 .text.kthread_create
                0x0000000008001a18       0x14 /home/sangam/Desktop/nuttxspace/nuttx/staging/libsched.a(task_create.o)
                0x0000000008001a18                kthread_create
 .text.nxtask_init
                0x0000000008001a2c       0xac /home/sangam/Desktop/nuttxspace/nuttx/staging/libsched.a(task_init.o)
                0x0000000008001a2c                nxtask_init
 .text.nxtask_uninit
                0x0000000008001ad8       0x28 /home/sangam/Desktop/nuttxspace/nuttx/staging/libsched.a(task_init.o)
                0x0000000008001ad8                nxtask_uninit
 .text.nxthread_setup_scheduler
                0x0000000008001b00      0x144 /home/sangam/Desktop/nuttxspace/nuttx/staging/libsched.a(task_setup.o)
 .text.nxtask_setup_scheduler
                0x0000000008001c44        0xe /home/sangam/Desktop/nuttxspace/nuttx/staging/libsched.a(task_setup.o)
                0x0000000008001c44                nxtask_setup_scheduler
 *fill*         0x0000000008001c52        0x2 
 .text.nxtask_setup_arguments
                0x0000000008001c54       0xd8 /home/sangam/Desktop/nuttxspace/nuttx/staging/libsched.a(task_setup.o)
                0x0000000008001c54                nxtask_setup_arguments
 .text.nxtask_activate
                0x0000000008001d2c       0x30 /home/sangam/Desktop/nuttxspace/nuttx/staging/libsched.a(task_activate.o)
                0x0000000008001d2c                nxtask_activate
 .text.nxtask_start
                0x0000000008001d5c       0x44 /home/sangam/Desktop/nuttxspace/nuttx/staging/libsched.a(task_start.o)
                0x0000000008001d5c                nxtask_start
 .text.spawn_execattrs
                0x0000000008001da0       0x48 /home/sangam/Desktop/nuttxspace/nuttx/staging/libsched.a(task_spawnparms.o)
                0x0000000008001da0                spawn_execattrs
 .text.spawn_proxyattrs
                0x0000000008001de8       0x14 /home/sangam/Desktop/nuttxspace/nuttx/staging/libsched.a(task_spawnparms.o)
                0x0000000008001de8                spawn_proxyattrs
 .text.spawn_file_actions
                0x0000000008001dfc       0x78 /home/sangam/Desktop/nuttxspace/nuttx/staging/libsched.a(task_spawnparms.o)
                0x0000000008001dfc                spawn_file_actions
 .text._exit    0x0000000008001e74       0x20 /home/sangam/Desktop/nuttxspace/nuttx/staging/libsched.a(exit.o)
                0x0000000008001e74                _exit
 .text.task_init_info
                0x0000000008001e94       0x1e /home/sangam/Desktop/nuttxspace/nuttx/staging/libsched.a(task_initinfo.o)
                0x0000000008001e94                task_init_info
 .text.env_dup  0x0000000008001eb2       0x94 /home/sangam/Desktop/nuttxspace/nuttx/staging/libsched.a(env_dup.o)
                0x0000000008001eb2                env_dup
 .text.env_findvar
                0x0000000008001f46       0x2e /home/sangam/Desktop/nuttxspace/nuttx/staging/libsched.a(env_findvar.o)
                0x0000000008001f46                env_findvar
 .text.env_removevar
                0x0000000008001f74       0x52 /home/sangam/Desktop/nuttxspace/nuttx/staging/libsched.a(env_removevar.o)
                0x0000000008001f74                env_removevar
 .text.group_drop
                0x0000000008001fc6       0x10 /home/sangam/Desktop/nuttxspace/nuttx/staging/libsched.a(group_leave.o)
                0x0000000008001fc6                group_drop
 *fill*         0x0000000008001fd6        0x2 
 .text.group_leave
                0x0000000008001fd8       0xc4 /home/sangam/Desktop/nuttxspace/nuttx/staging/libsched.a(group_leave.o)
                0x0000000008001fd8                group_leave
 .text.group_setuptaskfiles
                0x000000000800209c       0x1c /home/sangam/Desktop/nuttxspace/nuttx/staging/libsched.a(group_setuptaskfiles.o)
                0x000000000800209c                group_setuptaskfiles
 .text.group_kill_children_handler
                0x00000000080020b8       0x2e /home/sangam/Desktop/nuttxspace/nuttx/staging/libsched.a(group_killchildren.o)
 *fill*         0x00000000080020e6        0x2 
 .text.group_kill_children
                0x00000000080020e8       0x2c /home/sangam/Desktop/nuttxspace/nuttx/staging/libsched.a(group_killchildren.o)
                0x00000000080020e8                group_kill_children
 .text.pthread_cancel
                0x0000000008002114       0x48 /home/sangam/Desktop/nuttxspace/nuttx/staging/libsched.a(pthread_cancel.o)
                0x0000000008002114                pthread_cancel
 .text.pthread_destroyjoin
                0x000000000800215c       0x48 /home/sangam/Desktop/nuttxspace/nuttx/staging/libsched.a(pthread_completejoin.o)
                0x000000000800215c                pthread_destroyjoin
 .text.pthread_completejoin
                0x00000000080021a4       0xac /home/sangam/Desktop/nuttxspace/nuttx/staging/libsched.a(pthread_completejoin.o)
                0x00000000080021a4                pthread_completejoin
 .text.pthread_createjoininfo
                0x0000000008002250       0x4c /home/sangam/Desktop/nuttxspace/nuttx/staging/libsched.a(pthread_findjoininfo.o)
                0x0000000008002250                pthread_createjoininfo
 .text.pthread_findjoininfo
                0x000000000800229c       0x50 /home/sangam/Desktop/nuttxspace/nuttx/staging/libsched.a(pthread_findjoininfo.o)
                0x000000000800229c                pthread_findjoininfo
 .text.pthread_release
                0x00000000080022ec       0x30 /home/sangam/Desktop/nuttxspace/nuttx/staging/libsched.a(pthread_release.o)
                0x00000000080022ec                pthread_release
 .text.nxsched_add_readytorun
                0x000000000800231c       0x48 /home/sangam/Desktop/nuttxspace/nuttx/staging/libsched.a(sched_addreadytorun.o)
                0x000000000800231c                nxsched_add_readytorun
 .text.nxsched_remove_readytorun
                0x0000000008002364       0x68 /home/sangam/Desktop/nuttxspace/nuttx/staging/libsched.a(sched_removereadytorun.o)
                0x0000000008002364                nxsched_remove_readytorun
 .text.nxsched_add_prioritized
                0x00000000080023cc       0x48 /home/sangam/Desktop/nuttxspace/nuttx/staging/libsched.a(sched_addprioritized.o)
                0x00000000080023cc                nxsched_add_prioritized
 .text.nxsched_remove_blocked
                0x0000000008002414       0x54 /home/sangam/Desktop/nuttxspace/nuttx/staging/libsched.a(sched_removeblocked.o)
                0x0000000008002414                nxsched_remove_blocked
 .text.nxsched_get_tcb
                0x0000000008002468       0x40 /home/sangam/Desktop/nuttxspace/nuttx/staging/libsched.a(sched_gettcb.o)
                0x0000000008002468                nxsched_get_tcb
 .text.nxsched_release_tcb
                0x00000000080024a8       0x58 /home/sangam/Desktop/nuttxspace/nuttx/staging/libsched.a(sched_releasetcb.o)
                0x00000000080024a8                nxsched_release_tcb
 .text.nxsched_set_param
                0x0000000008002500       0x40 /home/sangam/Desktop/nuttxspace/nuttx/staging/libsched.a(sched_setparam.o)
                0x0000000008002500                nxsched_set_param
 .text.sched_setparam
                0x0000000008002540       0x1a /home/sangam/Desktop/nuttxspace/nuttx/staging/libsched.a(sched_setparam.o)
                0x0000000008002540                sched_setparam
 *fill*         0x000000000800255a        0x2 
 .text.nxsched_set_priority
                0x000000000800255c       0xf8 /home/sangam/Desktop/nuttxspace/nuttx/staging/libsched.a(sched_setpriority.o)
                0x000000000800255c                nxsched_set_priority
 .text.nxsched_set_scheduler
                0x0000000008002654       0x70 /home/sangam/Desktop/nuttxspace/nuttx/staging/libsched.a(sched_setscheduler.o)
                0x0000000008002654                nxsched_set_scheduler
 .text.nxsched_reprioritize_rtr
                0x00000000080026c4       0x34 /home/sangam/Desktop/nuttxspace/nuttx/staging/libsched.a(sched_reprioritizertr.o)
                0x00000000080026c4                nxsched_reprioritize_rtr
 .text.nxsem_destroy
                0x00000000080026f8        0xe /home/sangam/Desktop/nuttxspace/nuttx/staging/libsched.a(sem_destroy.o)
                0x00000000080026f8                nxsem_destroy
 .text.sem_destroy
                0x0000000008002706       0x20 /home/sangam/Desktop/nuttxspace/nuttx/staging/libsched.a(sem_destroy.o)
                0x0000000008002706                sem_destroy
 *fill*         0x0000000008002726        0x2 
 .text.nxsig_procmask
                0x0000000008002728       0x74 /home/sangam/Desktop/nuttxspace/nuttx/staging/libsched.a(sig_procmask.o)
                0x0000000008002728                nxsig_procmask
 .text.nxsig_unmask_pendingsignal
                0x000000000800279c       0x80 /home/sangam/Desktop/nuttxspace/nuttx/staging/libsched.a(sig_unmaskpendingsignal.o)
                0x000000000800279c                nxsig_unmask_pendingsignal
 .text.nxsig_remove_pendingsignal
                0x000000000800281c       0x3a /home/sangam/Desktop/nuttxspace/nuttx/staging/libsched.a(sig_removependingsignal.o)
                0x000000000800281c                nxsig_remove_pendingsignal
 *fill*         0x0000000008002856        0x2 
 .text.nxsig_release_pendingsignal
                0x0000000008002858       0x4c /home/sangam/Desktop/nuttxspace/nuttx/staging/libsched.a(sig_releasependingsignal.o)
                0x0000000008002858                nxsig_release_pendingsignal
 .text.nxsig_lowest
                0x00000000080028a4       0x1e /home/sangam/Desktop/nuttxspace/nuttx/staging/libsched.a(sig_lowest.o)
                0x00000000080028a4                nxsig_lowest
 .text.nxsig_cleanup
                0x00000000080028c2       0x3c /home/sangam/Desktop/nuttxspace/nuttx/staging/libsched.a(sig_cleanup.o)
                0x00000000080028c2                nxsig_cleanup
 .text.nxsig_release
                0x00000000080028fe       0x28 /home/sangam/Desktop/nuttxspace/nuttx/staging/libsched.a(sig_cleanup.o)
                0x00000000080028fe                nxsig_release
 *fill*         0x0000000008002926        0x2 
 .text.nxsig_tcbdispatch
                0x0000000008002928      0x2a0 /home/sangam/Desktop/nuttxspace/nuttx/staging/libsched.a(sig_dispatch.o)
                0x0000000008002928                nxsig_tcbdispatch
 .text.nxsig_deliver
                0x0000000008002bc8      0x12c /home/sangam/Desktop/nuttxspace/nuttx/staging/libsched.a(sig_deliver.o)
                0x0000000008002bc8                nxsig_deliver
 .text.nxtask_delete
                0x0000000008002cf4       0x5c /home/sangam/Desktop/nuttxspace/nuttx/staging/libsched.a(task_delete.o)
                0x0000000008002cf4                nxtask_delete
 .text.nxtask_exithook
                0x0000000008002d50       0x5a /home/sangam/Desktop/nuttxspace/nuttx/staging/libsched.a(task_exithook.o)
                0x0000000008002d50                nxtask_exithook
 .text.nxtask_recover
                0x0000000008002daa       0x18 /home/sangam/Desktop/nuttxspace/nuttx/staging/libsched.a(task_recover.o)
                0x0000000008002daa                nxtask_recover
 .text.nxnotify_cancellation
                0x0000000008002dc2       0x2c /home/sangam/Desktop/nuttxspace/nuttx/staging/libsched.a(task_cancelpt.o)
                0x0000000008002dc2                nxnotify_cancellation
 .text.nxtask_terminate
                0x0000000008002dee       0x48 /home/sangam/Desktop/nuttxspace/nuttx/staging/libsched.a(task_terminate.o)
                0x0000000008002dee                nxtask_terminate
 *fill*         0x0000000008002e36        0x2 
 .text.nxsched_gettid
                0x0000000008002e38       0x1c /home/sangam/Desktop/nuttxspace/nuttx/staging/libsched.a(task_gettid.o)
                0x0000000008002e38                nxsched_gettid
 .text.task_uninit_info
                0x0000000008002e54       0x14 /home/sangam/Desktop/nuttxspace/nuttx/staging/libsched.a(task_uninitinfo.o)
                0x0000000008002e54                task_uninit_info
 .text.wd_recover
                0x0000000008002e68        0x6 /home/sangam/Desktop/nuttxspace/nuttx/staging/libsched.a(wd_recover.o)
                0x0000000008002e68                wd_recover
 .text.env_release
                0x0000000008002e6e       0x2a /home/sangam/Desktop/nuttxspace/nuttx/staging/libsched.a(env_release.o)
                0x0000000008002e6e                env_release
 .text.group_foreachchild
                0x0000000008002e98       0x22 /home/sangam/Desktop/nuttxspace/nuttx/staging/libsched.a(group_foreachchild.o)
                0x0000000008002e98                group_foreachchild
 .text.nxmq_recover
                0x0000000008002eba       0x1e /home/sangam/Desktop/nuttxspace/nuttx/staging/libsched.a(mq_recover.o)
                0x0000000008002eba                nxmq_recover
 .text.nxmq_wait_irq
                0x0000000008002ed8       0x6c /home/sangam/Desktop/nuttxspace/nuttx/staging/libsched.a(mq_waitirq.o)
                0x0000000008002ed8                nxmq_wait_irq
 .text.pthread_sem_give
                0x0000000008002f44       0x18 /home/sangam/Desktop/nuttxspace/nuttx/staging/libsched.a(pthread_initialize.o)
                0x0000000008002f44                pthread_sem_give
 .text.nxsem_trywait
                0x0000000008002f5c       0x34 /home/sangam/Desktop/nuttxspace/nuttx/staging/libsched.a(sem_trywait.o)
                0x0000000008002f5c                nxsem_trywait
 .text.nxsem_timeout
                0x0000000008002f90       0x24 /home/sangam/Desktop/nuttxspace/nuttx/staging/libsched.a(sem_timeout.o)
                0x0000000008002f90                nxsem_timeout
 .text.nxsem_post
                0x0000000008002fb4       0x68 /home/sangam/Desktop/nuttxspace/nuttx/staging/libsched.a(sem_post.o)
                0x0000000008002fb4                nxsem_post
 .text.sem_post
                0x000000000800301c       0x26 /home/sangam/Desktop/nuttxspace/nuttx/staging/libsched.a(sem_post.o)
                0x000000000800301c                sem_post
 .text.nxsem_recover
                0x0000000008003042       0x20 /home/sangam/Desktop/nuttxspace/nuttx/staging/libsched.a(sem_recover.o)
                0x0000000008003042                nxsem_recover
 *fill*         0x0000000008003062        0x2 
 .text.nxsem_wait_irq
                0x0000000008003064       0x4c /home/sangam/Desktop/nuttxspace/nuttx/staging/libsched.a(sem_waitirq.o)
                0x0000000008003064                nxsem_wait_irq
 .text.nxsig_release_action
                0x00000000080030b0       0x28 /home/sangam/Desktop/nuttxspace/nuttx/staging/libsched.a(sig_action.o)
                0x00000000080030b0                nxsig_release_action
 .text.nxsig_pendingset
                0x00000000080030d8       0x44 /home/sangam/Desktop/nuttxspace/nuttx/staging/libsched.a(sig_pending.o)
                0x00000000080030d8                nxsig_pendingset
 .text.nxsig_find_action
                0x000000000800311c       0x22 /home/sangam/Desktop/nuttxspace/nuttx/staging/libsched.a(sig_findaction.o)
                0x000000000800311c                nxsig_find_action
 *fill*         0x000000000800313e        0x2 
 .text.nxsig_alloc_pendingsigaction
                0x0000000008003140       0x4c /home/sangam/Desktop/nuttxspace/nuttx/staging/libsched.a(sig_allocpendingsigaction.o)
                0x0000000008003140                nxsig_alloc_pendingsigaction
 .text.nxsig_release_pendingsigaction
                0x000000000800318c       0x4c /home/sangam/Desktop/nuttxspace/nuttx/staging/libsched.a(sig_releasependingsigaction.o)
                0x000000000800318c                nxsig_release_pendingsigaction
 .text.wd_start
                0x00000000080031d8       0xd8 /home/sangam/Desktop/nuttxspace/nuttx/staging/libsched.a(wd_start.o)
                0x00000000080031d8                wd_start
 .text.wd_timer
                0x00000000080032b0       0x40 /home/sangam/Desktop/nuttxspace/nuttx/staging/libsched.a(wd_start.o)
                0x00000000080032b0                wd_timer
 .text.clock_gettime
                0x00000000080032f0       0x90 /home/sangam/Desktop/nuttxspace/nuttx/staging/libsched.a(clock_gettime.o)
                0x00000000080032f0                clock_gettime
 .text.clock_systime_timespec
                0x0000000008003380       0x24 /home/sangam/Desktop/nuttxspace/nuttx/staging/libsched.a(clock_systime_timespec.o)
                0x0000000008003380                clock_systime_timespec
 .text.drivers_initialize
                0x00000000080033a4        0xe /home/sangam/Desktop/nuttxspace/nuttx/staging/libdrivers.a(drivers_initialize.o)
                0x00000000080033a4                drivers_initialize
 .text.devnull_read
                0x00000000080033b2        0x4 /home/sangam/Desktop/nuttxspace/nuttx/staging/libdrivers.a(dev_null.o)
 .text.devnull_write
                0x00000000080033b6        0x4 /home/sangam/Desktop/nuttxspace/nuttx/staging/libdrivers.a(dev_null.o)
 .text.devnull_poll
                0x00000000080033ba       0x18 /home/sangam/Desktop/nuttxspace/nuttx/staging/libdrivers.a(dev_null.o)
 *fill*         0x00000000080033d2        0x2 
 .text.devnull_register
                0x00000000080033d4       0x18 /home/sangam/Desktop/nuttxspace/nuttx/staging/libdrivers.a(dev_null.o)
                0x00000000080033d4                devnull_register
 .text.uart_putc
                0x00000000080033ec       0x24 /home/sangam/Desktop/nuttxspace/nuttx/staging/libdrivers.a(serial.o)
 .text.uart_open
                0x0000000008003410       0x8e /home/sangam/Desktop/nuttxspace/nuttx/staging/libdrivers.a(serial.o)
 .text.uart_poll
                0x000000000800349e       0xd4 /home/sangam/Desktop/nuttxspace/nuttx/staging/libdrivers.a(serial.o)
 .text.uart_putxmitchar
                0x0000000008003572       0x92 /home/sangam/Desktop/nuttxspace/nuttx/staging/libdrivers.a(serial.o)
 .text.uart_tcsendbreak
                0x0000000008003604       0x74 /home/sangam/Desktop/nuttxspace/nuttx/staging/libdrivers.a(serial.o)
 .text.uart_write
                0x0000000008003678      0x110 /home/sangam/Desktop/nuttxspace/nuttx/staging/libdrivers.a(serial.o)
 .text.uart_read
                0x0000000008003788      0x1d0 /home/sangam/Desktop/nuttxspace/nuttx/staging/libdrivers.a(serial.o)
 .text.uart_wakeup
                0x0000000008003958       0x22 /home/sangam/Desktop/nuttxspace/nuttx/staging/libdrivers.a(serial.o)
 *fill*         0x000000000800397a        0x2 
 .text.uart_tcdrain.isra.0
                0x000000000800397c       0xa8 /home/sangam/Desktop/nuttxspace/nuttx/staging/libdrivers.a(serial.o)
 .text.uart_register
                0x0000000008003a24       0x7c /home/sangam/Desktop/nuttxspace/nuttx/staging/libdrivers.a(serial.o)
                0x0000000008003a24                uart_register
 .text.uart_datareceived
                0x0000000008003aa0       0x1a /home/sangam/Desktop/nuttxspace/nuttx/staging/libdrivers.a(serial.o)
                0x0000000008003aa0                uart_datareceived
 .text.uart_datasent
                0x0000000008003aba       0x1a /home/sangam/Desktop/nuttxspace/nuttx/staging/libdrivers.a(serial.o)
                0x0000000008003aba                uart_datasent
 .text.uart_ioctl
                0x0000000008003ad4      0x1cc /home/sangam/Desktop/nuttxspace/nuttx/staging/libdrivers.a(serial.o)
 .text.uart_reset_sem
                0x0000000008003ca0       0x32 /home/sangam/Desktop/nuttxspace/nuttx/staging/libdrivers.a(serial.o)
                0x0000000008003ca0                uart_reset_sem
 .text.uart_close
                0x0000000008003cd2       0x78 /home/sangam/Desktop/nuttxspace/nuttx/staging/libdrivers.a(serial.o)
 .text.uart_xmitchars
                0x0000000008003d4a       0x84 /home/sangam/Desktop/nuttxspace/nuttx/staging/libdrivers.a(serial_io.o)
                0x0000000008003d4a                uart_xmitchars
 .text.uart_recvchars
                0x0000000008003dce       0x88 /home/sangam/Desktop/nuttxspace/nuttx/staging/libdrivers.a(serial_io.o)
                0x0000000008003dce                uart_recvchars
 *fill*         0x0000000008003e56        0x2 
 .text.syslog_flush
                0x0000000008003e58       0x18 /home/sangam/Desktop/nuttxspace/nuttx/staging/libdrivers.a(syslog_flush.o)
                0x0000000008003e58                syslog_flush
 .text.syslog_initialize
                0x0000000008003e70        0x4 /home/sangam/Desktop/nuttxspace/nuttx/staging/libdrivers.a(syslog_initialize.o)
                0x0000000008003e70                syslog_initialize
 .text.syslog_default_write
                0x0000000008003e74       0x24 /home/sangam/Desktop/nuttxspace/nuttx/staging/libdrivers.a(syslog_channel.o)
 .text.syslog_default_putc
                0x0000000008003e98        0x6 /home/sangam/Desktop/nuttxspace/nuttx/staging/libdrivers.a(syslog_channel.o)
 .text.__assert
                0x0000000008003e9e        0xc /home/sangam/Desktop/nuttxspace/nuttx/staging/libc.a(lib_assert.o)
                0x0000000008003e9e                __assert
 .text.iscntrl  0x0000000008003eaa       0x12 /home/sangam/Desktop/nuttxspace/nuttx/staging/libc.a(lib_iscntrl.o)
                0x0000000008003eaa                iscntrl
 .text.__errno  0x0000000008003ebc       0x14 /home/sangam/Desktop/nuttxspace/nuttx/staging/libc.a(lib_errno.o)
                0x0000000008003ebc                __errno
 .text.uname    0x0000000008003ed0       0x70 /home/sangam/Desktop/nuttxspace/nuttx/staging/libc.a(lib_utsname.o)
                0x0000000008003ed0                uname
 .text.nxmutex_init
                0x0000000008003f40       0x2c /home/sangam/Desktop/nuttxspace/nuttx/staging/libc.a(lib_mutex.o)
                0x0000000008003f40                nxmutex_init
 .text.nxmutex_destroy
                0x0000000008003f6c       0x1e /home/sangam/Desktop/nuttxspace/nuttx/staging/libc.a(lib_mutex.o)
                0x0000000008003f6c                nxmutex_destroy
 .text.nxmutex_is_hold
                0x0000000008003f8a       0x10 /home/sangam/Desktop/nuttxspace/nuttx/staging/libc.a(lib_mutex.o)
                0x0000000008003f8a                nxmutex_is_hold
 .text.nxmutex_is_locked
                0x0000000008003f9a       0x20 /home/sangam/Desktop/nuttxspace/nuttx/staging/libc.a(lib_mutex.o)
                0x0000000008003f9a                nxmutex_is_locked
 .text.nxmutex_lock
                0x0000000008003fba       0x24 /home/sangam/Desktop/nuttxspace/nuttx/staging/libc.a(lib_mutex.o)
                0x0000000008003fba                nxmutex_lock
 .text.nxmutex_unlock
                0x0000000008003fde       0x2c /home/sangam/Desktop/nuttxspace/nuttx/staging/libc.a(lib_mutex.o)
                0x0000000008003fde                nxmutex_unlock
 .text.nxmutex_reset
                0x000000000800400a        0xc /home/sangam/Desktop/nuttxspace/nuttx/staging/libc.a(lib_mutex.o)
                0x000000000800400a                nxmutex_reset
 .text.nxrmutex_init
                0x0000000008004016        0x8 /home/sangam/Desktop/nuttxspace/nuttx/staging/libc.a(lib_mutex.o)
                0x0000000008004016                nxrmutex_init
 .text.nxrmutex_destroy
                0x000000000800401e       0x12 /home/sangam/Desktop/nuttxspace/nuttx/staging/libc.a(lib_mutex.o)
                0x000000000800401e                nxrmutex_destroy
 .text.nxrmutex_lock
                0x0000000008004030       0x20 /home/sangam/Desktop/nuttxspace/nuttx/staging/libc.a(lib_mutex.o)
                0x0000000008004030                nxrmutex_lock
 .text.nxrmutex_unlock
                0x0000000008004050       0x20 /home/sangam/Desktop/nuttxspace/nuttx/staging/libc.a(lib_mutex.o)
                0x0000000008004050                nxrmutex_unlock
 .text.pthread_exit
                0x0000000008004070       0x16 /home/sangam/Desktop/nuttxspace/nuttx/staging/libc.a(pthread_exit.o)
                0x0000000008004070                pthread_exit
 .text.sq_addafter
                0x0000000008004086       0x26 /home/sangam/Desktop/nuttxspace/nuttx/staging/libc.a(sq_addafter.o)
                0x0000000008004086                sq_addafter
 .text.sq_remfirst
                0x00000000080040ac       0x14 /home/sangam/Desktop/nuttxspace/nuttx/staging/libc.a(sq_remfirst.o)
                0x00000000080040ac                sq_remfirst
 .text.sq_remafter
                0x00000000080040c0       0x20 /home/sangam/Desktop/nuttxspace/nuttx/staging/libc.a(sq_remafter.o)
                0x00000000080040c0                sq_remafter
 .text.dq_remfirst
                0x00000000080040e0       0x1c /home/sangam/Desktop/nuttxspace/nuttx/staging/libc.a(dq_remfirst.o)
                0x00000000080040e0                dq_remfirst
 .text.clock_ticks2time
                0x00000000080040fc       0x1c /home/sangam/Desktop/nuttxspace/nuttx/staging/libc.a(clock_ticks2time.o)
                0x00000000080040fc                clock_ticks2time
 .text.clock_time2ticks
                0x0000000008004118       0x34 /home/sangam/Desktop/nuttxspace/nuttx/staging/libc.a(clock_time2ticks.o)
                0x0000000008004118                clock_time2ticks
 .text.nxtask_startup
                0x000000000800414c       0x16 /home/sangam/Desktop/nuttxspace/nuttx/staging/libc.a(task_startup.o)
                0x000000000800414c                nxtask_startup
 .text.nxsem_init
                0x0000000008004162       0x10 /home/sangam/Desktop/nuttxspace/nuttx/staging/libc.a(sem_init.o)
                0x0000000008004162                nxsem_init
 .text.sem_init
                0x0000000008004172       0x28 /home/sangam/Desktop/nuttxspace/nuttx/staging/libc.a(sem_init.o)
                0x0000000008004172                sem_init
 .text.nxsem_get_value
                0x000000000800419a       0x14 /home/sangam/Desktop/nuttxspace/nuttx/staging/libc.a(sem_getvalue.o)
                0x000000000800419a                nxsem_get_value
 .text.sem_getvalue
                0x00000000080041ae       0x1a /home/sangam/Desktop/nuttxspace/nuttx/staging/libc.a(sem_getvalue.o)
                0x00000000080041ae                sem_getvalue
 .text.nxsem_set_protocol
                0x00000000080041c8       0x1c /home/sangam/Desktop/nuttxspace/nuttx/staging/libc.a(sem_setprotocol.o)
                0x00000000080041c8                nxsem_set_protocol
 .text.sem_setprotocol
                0x00000000080041e4       0x1a /home/sangam/Desktop/nuttxspace/nuttx/staging/libc.a(sem_setprotocol.o)
                0x00000000080041e4                sem_setprotocol
 .text.nxsig_addset
                0x00000000080041fe       0x24 /home/sangam/Desktop/nuttxspace/nuttx/staging/libc.a(sig_addset.o)
                0x00000000080041fe                nxsig_addset
 .text.sigaddset
                0x0000000008004222       0x18 /home/sangam/Desktop/nuttxspace/nuttx/staging/libc.a(sig_addset.o)
                0x0000000008004222                sigaddset
 .text.nxsig_delset
                0x000000000800423a       0x26 /home/sangam/Desktop/nuttxspace/nuttx/staging/libc.a(sig_delset.o)
                0x000000000800423a                nxsig_delset
 .text.sigemptyset
                0x0000000008004260        0xa /home/sangam/Desktop/nuttxspace/nuttx/staging/libc.a(sig_emptyset.o)
                0x0000000008004260                sigemptyset
 .text.sigfillset
                0x000000000800426a        0xc /home/sangam/Desktop/nuttxspace/nuttx/staging/libc.a(sig_fillset.o)
                0x000000000800426a                sigfillset
 .text.nxsig_nandset
                0x0000000008004276       0x1a /home/sangam/Desktop/nuttxspace/nuttx/staging/libc.a(sig_nandset.o)
                0x0000000008004276                nxsig_nandset
 .text.sigandset
                0x0000000008004290       0x16 /home/sangam/Desktop/nuttxspace/nuttx/staging/libc.a(sig_andset.o)
                0x0000000008004290                sigandset
 .text.sigorset
                0x00000000080042a6       0x16 /home/sangam/Desktop/nuttxspace/nuttx/staging/libc.a(sig_orset.o)
                0x00000000080042a6                sigorset
 .text.nxsig_xorset
                0x00000000080042bc       0x16 /home/sangam/Desktop/nuttxspace/nuttx/staging/libc.a(sig_xorset.o)
                0x00000000080042bc                nxsig_xorset
 .text.sigisemptyset
                0x00000000080042d2       0x12 /home/sangam/Desktop/nuttxspace/nuttx/staging/libc.a(sig_isemptyset.o)
                0x00000000080042d2                sigisemptyset
 .text.nxsig_ismember
                0x00000000080042e4       0x1e /home/sangam/Desktop/nuttxspace/nuttx/staging/libc.a(sig_ismember.o)
                0x00000000080042e4                nxsig_ismember
 .text.posix_spawnattr_init
                0x0000000008004302       0x40 /home/sangam/Desktop/nuttxspace/nuttx/staging/libc.a(lib_psa_init.o)
                0x0000000008004302                posix_spawnattr_init
 .text.snprintf
                0x0000000008004342       0x30 /home/sangam/Desktop/nuttxspace/nuttx/staging/libc.a(lib_snprintf.o)
                0x0000000008004342                snprintf
 .text.lib_vsprintf
                0x0000000008004372       0x14 /home/sangam/Desktop/nuttxspace/nuttx/staging/libc.a(lib_libvsprintf.o)
                0x0000000008004372                lib_vsprintf
 *fill*         0x0000000008004386        0x2 
 .text.vsprintf_internal.constprop.0
                0x0000000008004388      0x524 /home/sangam/Desktop/nuttxspace/nuttx/staging/libc.a(lib_libvsprintf.o)
 .text.__ultoa_invert
                0x00000000080048ac       0x38 /home/sangam/Desktop/nuttxspace/nuttx/staging/libc.a(lib_ultoa_invert.o)
                0x00000000080048ac                __ultoa_invert
 .text.unlikely.abort
                0x00000000080048e4        0x8 /home/sangam/Desktop/nuttxspace/nuttx/staging/libc.a(lib_abort.o)
                0x00000000080048e4                abort
 .text.exit     0x00000000080048ec       0x16 /home/sangam/Desktop/nuttxspace/nuttx/staging/libc.a(lib_exit.o)
                0x00000000080048ec                exit
 .text.strtoul  0x0000000008004902       0xba /home/sangam/Desktop/nuttxspace/nuttx/staging/libc.a(lib_strtoul.o)
                0x0000000008004902                strtoul
 .text.lib_checkbase
                0x00000000080049bc       0x5e /home/sangam/Desktop/nuttxspace/nuttx/staging/libc.a(lib_checkbase.o)
                0x00000000080049bc                lib_checkbase
 .text.memoutstream_puts
                0x0000000008004a1a       0x2e /home/sangam/Desktop/nuttxspace/nuttx/staging/libc.a(lib_memoutstream.o)
 .text.memoutstream_putc
                0x0000000008004a48       0x16 /home/sangam/Desktop/nuttxspace/nuttx/staging/libc.a(lib_memoutstream.o)
 *fill*         0x0000000008004a5e        0x2 
 .text.lib_memoutstream
                0x0000000008004a60       0x28 /home/sangam/Desktop/nuttxspace/nuttx/staging/libc.a(lib_memoutstream.o)
                0x0000000008004a60                lib_memoutstream
 .text.nulloutstream_putc
                0x0000000008004a88        0x8 /home/sangam/Desktop/nuttxspace/nuttx/staging/libc.a(lib_nulloutstream.o)
 .text.nulloutstream_puts
                0x0000000008004a90        0xc /home/sangam/Desktop/nuttxspace/nuttx/staging/libc.a(lib_nulloutstream.o)
 .text.lib_nulloutstream
                0x0000000008004a9c       0x20 /home/sangam/Desktop/nuttxspace/nuttx/staging/libc.a(lib_nulloutstream.o)
                0x0000000008004a9c                lib_nulloutstream
 .text.lib_noflush
                0x0000000008004abc        0x4 /home/sangam/Desktop/nuttxspace/nuttx/staging/libc.a(lib_libnoflush.o)
                0x0000000008004abc                lib_noflush
 .text.lib_isbasedigit
                0x0000000008004ac0       0x4c /home/sangam/Desktop/nuttxspace/nuttx/staging/libc.a(lib_isbasedigit.o)
                0x0000000008004ac0                lib_isbasedigit
 .text.lib_skipspace
                0x0000000008004b0c       0x18 /home/sangam/Desktop/nuttxspace/nuttx/staging/libc.a(lib_skipspace.o)
                0x0000000008004b0c                lib_skipspace
 .text.memset   0x0000000008004b24       0x10 /home/sangam/Desktop/nuttxspace/nuttx/staging/libc.a(lib_memset.o)
                0x0000000008004b24                memset
 .text.strchr   0x0000000008004b34       0x16 /home/sangam/Desktop/nuttxspace/nuttx/staging/libc.a(lib_strchr.o)
                0x0000000008004b34                strchr
 .text.strlcpy  0x0000000008004b4a       0x38 /home/sangam/Desktop/nuttxspace/nuttx/staging/libc.a(lib_strlcpy.o)
                0x0000000008004b4a                strlcpy
 .text.strlen   0x0000000008004b82       0x10 /home/sangam/Desktop/nuttxspace/nuttx/staging/libc.a(lib_strlen.o)
                0x0000000008004b82                strlen
 .text.strnlen  0x0000000008004b92       0x1a /home/sangam/Desktop/nuttxspace/nuttx/staging/libc.a(lib_strnlen.o)
                0x0000000008004b92                strnlen
 .text.memcpy   0x0000000008004bac       0x1c /home/sangam/Desktop/nuttxspace/nuttx/staging/libc.a(lib_memcpy.o)
                0x0000000008004bac                memcpy
 .text.vsyslog  0x0000000008004bc8       0x20 /home/sangam/Desktop/nuttxspace/nuttx/staging/libc.a(lib_syslog.o)
                0x0000000008004bc8                vsyslog
 .text.syslog   0x0000000008004be8       0x1a /home/sangam/Desktop/nuttxspace/nuttx/staging/libc.a(lib_syslog.o)
                0x0000000008004be8                syslog
 *fill*         0x0000000008004c02        0x2 
 .text.cfsetspeed
                0x0000000008004c04       0x44 /home/sangam/Desktop/nuttxspace/nuttx/staging/libc.a(lib_cfspeed.o)
                0x0000000008004c04                cfsetspeed
 .text.cfgetspeed
                0x0000000008004c48        0x4 /home/sangam/Desktop/nuttxspace/nuttx/staging/libc.a(lib_cfspeed.o)
                0x0000000008004c48                cfgetspeed
 .text.tls_get_info
                0x0000000008004c4c       0x18 /home/sangam/Desktop/nuttxspace/nuttx/staging/libc.a(tls_getinfo.o)
                0x0000000008004c4c                tls_get_info
 .text.tls_destruct
                0x0000000008004c64       0x3a /home/sangam/Desktop/nuttxspace/nuttx/staging/libc.a(tls_destruct.o)
                0x0000000008004c64                tls_destruct
 *fill*         0x0000000008004c9e        0x2 
 .text.gethostname
                0x0000000008004ca0       0x20 /home/sangam/Desktop/nuttxspace/nuttx/staging/libc.a(lib_gethostname.o)
                0x0000000008004ca0                gethostname
 .text.isspace  0x0000000008004cc0       0x14 /home/sangam/Desktop/nuttxspace/nuttx/staging/libc.a(lib_isspace.o)
                0x0000000008004cc0                isspace
 .text.lib_cxx_initialize
                0x0000000008004cd4        0x2 /home/sangam/Desktop/nuttxspace/nuttx/staging/libc.a(lib_cxx_initialize.o)
                0x0000000008004cd4                lib_cxx_initialize
 .text.task_get_info
                0x0000000008004cd6        0xa /home/sangam/Desktop/nuttxspace/nuttx/staging/libc.a(task_getinfo.o)
                0x0000000008004cd6                task_get_info
 .text.umm_initialize
                0x0000000008004ce0       0x1c /home/sangam/Desktop/nuttxspace/nuttx/staging/libmm.a(umm_initialize.o)
                0x0000000008004ce0                umm_initialize
 .text.free     0x0000000008004cfc       0x10 /home/sangam/Desktop/nuttxspace/nuttx/staging/libmm.a(umm_free.o)
                0x0000000008004cfc                free
 .text.malloc   0x0000000008004d0c       0x10 /home/sangam/Desktop/nuttxspace/nuttx/staging/libmm.a(umm_malloc.o)
                0x0000000008004d0c                malloc
 .text.realloc  0x0000000008004d1c       0x10 /home/sangam/Desktop/nuttxspace/nuttx/staging/libmm.a(umm_realloc.o)
                0x0000000008004d1c                realloc
 .text.zalloc   0x0000000008004d2c       0x10 /home/sangam/Desktop/nuttxspace/nuttx/staging/libmm.a(umm_zalloc.o)
                0x0000000008004d2c                zalloc
 .text.mm_map_initialize
                0x0000000008004d3c        0xc /home/sangam/Desktop/nuttxspace/nuttx/staging/libmm.a(mm_map.o)
                0x0000000008004d3c                mm_map_initialize
 .text.mm_map_destroy
                0x0000000008004d48       0x30 /home/sangam/Desktop/nuttxspace/nuttx/staging/libmm.a(mm_map.o)
                0x0000000008004d48                mm_map_destroy
 .text.mm_addregion
                0x0000000008004d78       0x52 /home/sangam/Desktop/nuttxspace/nuttx/staging/libmm.a(mm_initialize.o)
                0x0000000008004d78                mm_addregion
 .text.mm_initialize
                0x0000000008004dca       0x52 /home/sangam/Desktop/nuttxspace/nuttx/staging/libmm.a(mm_initialize.o)
                0x0000000008004dca                mm_initialize
 .text.mm_lock  0x0000000008004e1c       0x38 /home/sangam/Desktop/nuttxspace/nuttx/staging/libmm.a(mm_lock.o)
                0x0000000008004e1c                mm_lock
 .text.mm_unlock
                0x0000000008004e54       0x10 /home/sangam/Desktop/nuttxspace/nuttx/staging/libmm.a(mm_lock.o)
                0x0000000008004e54                mm_unlock
 .text.mm_addfreechunk
                0x0000000008004e64       0x3e /home/sangam/Desktop/nuttxspace/nuttx/staging/libmm.a(mm_addfreechunk.o)
                0x0000000008004e64                mm_addfreechunk
 .text.mm_size2ndx
                0x0000000008004ea2       0x16 /home/sangam/Desktop/nuttxspace/nuttx/staging/libmm.a(mm_size2ndx.o)
                0x0000000008004ea2                mm_size2ndx
 .text.mm_free  0x0000000008004eb8       0xb8 /home/sangam/Desktop/nuttxspace/nuttx/staging/libmm.a(mm_free.o)
                0x0000000008004eb8                mm_free
 .text.mm_malloc
                0x0000000008004f70       0xb4 /home/sangam/Desktop/nuttxspace/nuttx/staging/libmm.a(mm_malloc.o)
                0x0000000008004f70                mm_malloc
 .text.mm_realloc
                0x0000000008005024      0x1aa /home/sangam/Desktop/nuttxspace/nuttx/staging/libmm.a(mm_realloc.o)
                0x0000000008005024                mm_realloc
 .text.mm_zalloc
                0x00000000080051ce       0x18 /home/sangam/Desktop/nuttxspace/nuttx/staging/libmm.a(mm_zalloc.o)
                0x00000000080051ce                mm_zalloc
 .text.mm_shrinkchunk
                0x00000000080051e6       0x6c /home/sangam/Desktop/nuttxspace/nuttx/staging/libmm.a(mm_shrinkchunk.o)
                0x00000000080051e6                mm_shrinkchunk
 .text          0x0000000008005252       0x30 /home/sangam/Desktop/nuttxspace/nuttx/staging/libarch.a(arm_saveusercontext.o)
                0x0000000008005252                up_saveusercontext
 *fill*         0x0000000008005282        0x2 
 .text.up_allocate_heap
                0x0000000008005284       0x18 /home/sangam/Desktop/nuttxspace/nuttx/staging/libarch.a(stm32_allocateheap.o)
                0x0000000008005284                up_allocate_heap
 .text.stm32_timerisr
                0x000000000800529c        0xa /home/sangam/Desktop/nuttxspace/nuttx/staging/libarch.a(stm32_timerisr.o)
 *fill*         0x00000000080052a6        0x2 
 .text.up_timer_initialize
                0x00000000080052a8       0x44 /home/sangam/Desktop/nuttxspace/nuttx/staging/libarch.a(stm32_timerisr.o)
                0x00000000080052a8                up_timer_initialize
 .text.up_idle  0x00000000080052ec        0x4 /home/sangam/Desktop/nuttxspace/nuttx/staging/libarch.a(stm32_idle.o)
                0x00000000080052ec                up_idle
 .text.up_create_stack
                0x00000000080052f0       0x48 /home/sangam/Desktop/nuttxspace/nuttx/staging/libarch.a(arm_createstack.o)
                0x00000000080052f0                up_create_stack
 .text.up_exit  0x0000000008005338       0x30 /home/sangam/Desktop/nuttxspace/nuttx/staging/libarch.a(arm_exit.o)
                0x0000000008005338                up_exit
 .text.up_nputs
                0x0000000008005368       0x18 /home/sangam/Desktop/nuttxspace/nuttx/staging/libarch.a(arm_nputs.o)
                0x0000000008005368                up_nputs
 .text.up_release_stack
                0x0000000008005380       0x24 /home/sangam/Desktop/nuttxspace/nuttx/staging/libarch.a(arm_releasestack.o)
                0x0000000008005380                up_release_stack
 .text.up_getusrsp
                0x00000000080053a4        0x4 /home/sangam/Desktop/nuttxspace/nuttx/staging/libarch.a(arm_registerdump.o)
                0x00000000080053a4                up_getusrsp
 .text.up_dump_register
                0x00000000080053a8       0x98 /home/sangam/Desktop/nuttxspace/nuttx/staging/libarch.a(arm_registerdump.o)
                0x00000000080053a8                up_dump_register
 .text.up_stack_frame
                0x0000000008005440       0x36 /home/sangam/Desktop/nuttxspace/nuttx/staging/libarch.a(arm_stackframe.o)
                0x0000000008005440                up_stack_frame
 *fill*         0x0000000008005476        0x2 
 .text.up_switch_context
                0x0000000008005478       0x2c /home/sangam/Desktop/nuttxspace/nuttx/staging/libarch.a(arm_switchcontext.o)
                0x0000000008005478                up_switch_context
 .text.up_use_stack
                0x00000000080054a4       0x28 /home/sangam/Desktop/nuttxspace/nuttx/staging/libarch.a(arm_usestack.o)
                0x00000000080054a4                up_use_stack
 .text.up_mdelay
                0x00000000080054cc       0x2c /home/sangam/Desktop/nuttxspace/nuttx/staging/libarch.a(arm_mdelay.o)
                0x00000000080054cc                up_mdelay
 .text.up_initial_state
                0x00000000080054f8       0x60 /home/sangam/Desktop/nuttxspace/nuttx/staging/libarch.a(arm_initialstate.o)
                0x00000000080054f8                up_initial_state
 .text.up_schedule_sigaction
                0x0000000008005558       0x7c /home/sangam/Desktop/nuttxspace/nuttx/staging/libarch.a(arm_schedulesigaction.o)
                0x0000000008005558                up_schedule_sigaction
 .text.arm_sigdeliver
                0x00000000080055d4       0x38 /home/sangam/Desktop/nuttxspace/nuttx/staging/libarch.a(arm_sigdeliver.o)
                0x00000000080055d4                arm_sigdeliver
 .text.nsh_main
                0x000000000800560c       0x40 /home/sangam/Desktop/nuttxspace/nuttx/staging/libapps.a(nsh_main.c.home.sangam.Desktop.nuttxspace.apps.system.nsh.o)
                0x000000000800560c                nsh_main
 .text.nsh_initialize
                0x000000000800564c        0xa /home/sangam/Desktop/nuttxspace/nuttx/staging/libapps.a(nsh_init.c.home.sangam.Desktop.nuttxspace.apps.nshlib.o)
                0x000000000800564c                nsh_initialize
 .text.nsh_consolemain
                0x0000000008005656       0x20 /home/sangam/Desktop/nuttxspace/nuttx/staging/libapps.a(nsh_consolemain.c.home.sangam.Desktop.nuttxspace.apps.nshlib.o)
                0x0000000008005656                nsh_consolemain
 .text.nsh_consolelinebuffer
                0x0000000008005676        0x6 /home/sangam/Desktop/nuttxspace/nuttx/staging/libapps.a(nsh_console.c.home.sangam.Desktop.nuttxspace.apps.nshlib.o)
 .text.nsh_consoleredirect
                0x000000000800567c       0x14 /home/sangam/Desktop/nuttxspace/nuttx/staging/libapps.a(nsh_console.c.home.sangam.Desktop.nuttxspace.apps.nshlib.o)
 .text.nsh_closeifnotclosed
                0x0000000008005690       0x3a /home/sangam/Desktop/nuttxspace/nuttx/staging/libapps.a(nsh_console.c.home.sangam.Desktop.nuttxspace.apps.nshlib.o)
 .text.nsh_consoleundirect
                0x00000000080056ca       0x18 /home/sangam/Desktop/nuttxspace/nuttx/staging/libapps.a(nsh_console.c.home.sangam.Desktop.nuttxspace.apps.nshlib.o)
 .text.nsh_consoleoutput
                0x00000000080056e2       0x1e /home/sangam/Desktop/nuttxspace/nuttx/staging/libapps.a(nsh_console.c.home.sangam.Desktop.nuttxspace.apps.nshlib.o)
 .text.nsh_consoleioctl
                0x0000000008005700        0x8 /home/sangam/Desktop/nuttxspace/nuttx/staging/libapps.a(nsh_console.c.home.sangam.Desktop.nuttxspace.apps.nshlib.o)
 .text.nsh_consolewrite
                0x0000000008005708        0x8 /home/sangam/Desktop/nuttxspace/nuttx/staging/libapps.a(nsh_console.c.home.sangam.Desktop.nuttxspace.apps.nshlib.o)
 .text.nsh_consolerelease
                0x0000000008005710       0x12 /home/sangam/Desktop/nuttxspace/nuttx/staging/libapps.a(nsh_console.c.home.sangam.Desktop.nuttxspace.apps.nshlib.o)
 .text.nsh_consoleexit
                0x0000000008005722        0xe /home/sangam/Desktop/nuttxspace/nuttx/staging/libapps.a(nsh_console.c.home.sangam.Desktop.nuttxspace.apps.nshlib.o)
 .text.nsh_newconsole
                0x0000000008005730       0x64 /home/sangam/Desktop/nuttxspace/nuttx/staging/libapps.a(nsh_console.c.home.sangam.Desktop.nuttxspace.apps.nshlib.o)
                0x0000000008005730                nsh_newconsole
 .text.nsh_session
                0x0000000008005794       0xf0 /home/sangam/Desktop/nuttxspace/nuttx/staging/libapps.a(nsh_session.c.home.sangam.Desktop.nuttxspace.apps.nshlib.o)
                0x0000000008005794                nsh_session
 .text.readline_write
                0x0000000008005884        0xc /home/sangam/Desktop/nuttxspace/nuttx/staging/libapps.a(readline_fd.c.home.sangam.Desktop.nuttxspace.apps.system.readline.o)
 .text.readline_putc
                0x0000000008005890       0x2c /home/sangam/Desktop/nuttxspace/nuttx/staging/libapps.a(readline_fd.c.home.sangam.Desktop.nuttxspace.apps.system.readline.o)
 .text.readline_getc
                0x00000000080058bc       0x30 /home/sangam/Desktop/nuttxspace/nuttx/staging/libapps.a(readline_fd.c.home.sangam.Desktop.nuttxspace.apps.system.readline.o)
 .text.readline_fd
                0x00000000080058ec       0x30 /home/sangam/Desktop/nuttxspace/nuttx/staging/libapps.a(readline_fd.c.home.sangam.Desktop.nuttxspace.apps.system.readline.o)
                0x00000000080058ec                readline_fd
 .text.readline_common
                0x000000000800591c       0xc0 /home/sangam/Desktop/nuttxspace/nuttx/staging/libapps.a(readline_common.c.home.sangam.Desktop.nuttxspace.apps.system.readline.o)
                0x000000000800591c                readline_common
 .text.nsh_argument.isra.0
                0x00000000080059dc      0x140 /home/sangam/Desktop/nuttxspace/nuttx/staging/libapps.a(nsh_parse.c.home.sangam.Desktop.nuttxspace.apps.nshlib.o)
 .text.nsh_parse_command
                0x0000000008005b1c      0x1b8 /home/sangam/Desktop/nuttxspace/nuttx/staging/libapps.a(nsh_parse.c.home.sangam.Desktop.nuttxspace.apps.nshlib.o)
 .text.nsh_parse
                0x0000000008005cd4       0x64 /home/sangam/Desktop/nuttxspace/nuttx/staging/libapps.a(nsh_parse.c.home.sangam.Desktop.nuttxspace.apps.nshlib.o)
                0x0000000008005cd4                nsh_parse
 .text.nsh_script
                0x0000000008005d38       0xa8 /home/sangam/Desktop/nuttxspace/nuttx/staging/libapps.a(nsh_script.c.home.sangam.Desktop.nuttxspace.apps.nshlib.o)
                0x0000000008005d38                nsh_script
 .text.cmd_true
                0x0000000008005de0        0x4 /home/sangam/Desktop/nuttxspace/nuttx/staging/libapps.a(nsh_command.c.home.sangam.Desktop.nuttxspace.apps.nshlib.o)
 .text.cmd_false
                0x0000000008005de4        0x6 /home/sangam/Desktop/nuttxspace/nuttx/staging/libapps.a(nsh_command.c.home.sangam.Desktop.nuttxspace.apps.nshlib.o)
 .text.cmd_exit
                0x0000000008005dea        0x8 /home/sangam/Desktop/nuttxspace/nuttx/staging/libapps.a(nsh_command.c.home.sangam.Desktop.nuttxspace.apps.nshlib.o)
 *fill*         0x0000000008005df2        0x2 
 .text.help_showcmd
                0x0000000008005df4       0x24 /home/sangam/Desktop/nuttxspace/nuttx/staging/libapps.a(nsh_command.c.home.sangam.Desktop.nuttxspace.apps.nshlib.o)
 .text.help_cmd
                0x0000000008005e18       0x40 /home/sangam/Desktop/nuttxspace/nuttx/staging/libapps.a(nsh_command.c.home.sangam.Desktop.nuttxspace.apps.nshlib.o)
 .text.cmd_help
                0x0000000008005e58      0x234 /home/sangam/Desktop/nuttxspace/nuttx/staging/libapps.a(nsh_command.c.home.sangam.Desktop.nuttxspace.apps.nshlib.o)
 .text.cmd_unrecognized
                0x000000000800608c        0x6 /home/sangam/Desktop/nuttxspace/nuttx/staging/libapps.a(nsh_command.c.home.sangam.Desktop.nuttxspace.apps.nshlib.o)
 *fill*         0x0000000008006092        0x2 
 .text.nsh_command
                0x0000000008006094       0x50 /home/sangam/Desktop/nuttxspace/nuttx/staging/libapps.a(nsh_command.c.home.sangam.Desktop.nuttxspace.apps.nshlib.o)
                0x0000000008006094                nsh_command
 .text.unlink_recursive
                0x00000000080060e4       0xcc /home/sangam/Desktop/nuttxspace/nuttx/staging/libapps.a(nsh_fscmds.c.home.sangam.Desktop.nuttxspace.apps.nshlib.o)
 .text.ls_specialdir
                0x00000000080061b0       0x28 /home/sangam/Desktop/nuttxspace/nuttx/staging/libapps.a(nsh_fscmds.c.home.sangam.Desktop.nuttxspace.apps.nshlib.o)
 .text.ls_handler
                0x00000000080061d8      0x15c /home/sangam/Desktop/nuttxspace/nuttx/staging/libapps.a(nsh_fscmds.c.home.sangam.Desktop.nuttxspace.apps.nshlib.o)
 .text.ls_recursive
                0x0000000008006334       0x70 /home/sangam/Desktop/nuttxspace/nuttx/staging/libapps.a(nsh_fscmds.c.home.sangam.Desktop.nuttxspace.apps.nshlib.o)
 .text.cmd_cat  0x00000000080063a4       0x46 /home/sangam/Desktop/nuttxspace/nuttx/staging/libapps.a(nsh_fscmds.c.home.sangam.Desktop.nuttxspace.apps.nshlib.o)
                0x00000000080063a4                cmd_cat
 .text.cmd_cp   0x00000000080063ea      0x112 /home/sangam/Desktop/nuttxspace/nuttx/staging/libapps.a(nsh_fscmds.c.home.sangam.Desktop.nuttxspace.apps.nshlib.o)
                0x00000000080063ea                cmd_cp
 .text.cmd_ls   0x00000000080064fc      0x11c /home/sangam/Desktop/nuttxspace/nuttx/staging/libapps.a(nsh_fscmds.c.home.sangam.Desktop.nuttxspace.apps.nshlib.o)
                0x00000000080064fc                cmd_ls
 .text.cmd_mkdir
                0x0000000008006618       0xa0 /home/sangam/Desktop/nuttxspace/nuttx/staging/libapps.a(nsh_fscmds.c.home.sangam.Desktop.nuttxspace.apps.nshlib.o)
                0x0000000008006618                cmd_mkdir
 .text.cmd_rm   0x00000000080066b8       0x64 /home/sangam/Desktop/nuttxspace/nuttx/staging/libapps.a(nsh_fscmds.c.home.sangam.Desktop.nuttxspace.apps.nshlib.o)
                0x00000000080066b8                cmd_rm
 .text.dd_read  0x000000000800671c       0x46 /home/sangam/Desktop/nuttxspace/nuttx/staging/libapps.a(nsh_ddcmd.c.home.sangam.Desktop.nuttxspace.apps.nshlib.o)
 *fill*         0x0000000008006762        0x2 
 .text.cmd_dd   0x0000000008006764      0x304 /home/sangam/Desktop/nuttxspace/nuttx/staging/libapps.a(nsh_ddcmd.c.home.sangam.Desktop.nuttxspace.apps.nshlib.o)
                0x0000000008006764                cmd_dd
 .text.cmd_exec
                0x0000000008006a68       0x3c /home/sangam/Desktop/nuttxspace/nuttx/staging/libapps.a(nsh_proccmds.c.home.sangam.Desktop.nuttxspace.apps.nshlib.o)
                0x0000000008006a68                cmd_exec
 .text.cmd_sleep
                0x0000000008006aa4       0x2c /home/sangam/Desktop/nuttxspace/nuttx/staging/libapps.a(nsh_proccmds.c.home.sangam.Desktop.nuttxspace.apps.nshlib.o)
                0x0000000008006aa4                cmd_sleep
 .text.nsh_getcwd
                0x0000000008006ad0       0x1c /home/sangam/Desktop/nuttxspace/nuttx/staging/libapps.a(nsh_envcmds.c.home.sangam.Desktop.nuttxspace.apps.nshlib.o)
                0x0000000008006ad0                nsh_getcwd
 .text.nsh_getfullpath
                0x0000000008006aec       0x48 /home/sangam/Desktop/nuttxspace/nuttx/staging/libapps.a(nsh_envcmds.c.home.sangam.Desktop.nuttxspace.apps.nshlib.o)
                0x0000000008006aec                nsh_getfullpath
 .text.nsh_freefullpath
                0x0000000008006b34        0x8 /home/sangam/Desktop/nuttxspace/nuttx/staging/libapps.a(nsh_envcmds.c.home.sangam.Desktop.nuttxspace.apps.nshlib.o)
                0x0000000008006b34                nsh_freefullpath
 .text.cmd_cd   0x0000000008006b3c       0x9c /home/sangam/Desktop/nuttxspace/nuttx/staging/libapps.a(nsh_envcmds.c.home.sangam.Desktop.nuttxspace.apps.nshlib.o)
                0x0000000008006b3c                cmd_cd
 .text.cmd_echo
                0x0000000008006bd8      0x1a0 /home/sangam/Desktop/nuttxspace/nuttx/staging/libapps.a(nsh_envcmds.c.home.sangam.Desktop.nuttxspace.apps.nshlib.o)
                0x0000000008006bd8                cmd_echo
 .text.cmd_pwd  0x0000000008006d78       0x1c /home/sangam/Desktop/nuttxspace/nuttx/staging/libapps.a(nsh_envcmds.c.home.sangam.Desktop.nuttxspace.apps.nshlib.o)
                0x0000000008006d78                cmd_pwd
 .text.cmd_uname
                0x0000000008006d94      0x134 /home/sangam/Desktop/nuttxspace/nuttx/staging/libapps.a(nsh_syscmds.c.home.sangam.Desktop.nuttxspace.apps.nshlib.o)
                0x0000000008006d94                cmd_uname
 .text.nsh_dumpbuffer
                0x0000000008006ec8       0xcc /home/sangam/Desktop/nuttxspace/nuttx/staging/libapps.a(nsh_dbgcmds.c.home.sangam.Desktop.nuttxspace.apps.nshlib.o)
                0x0000000008006ec8                nsh_dumpbuffer
 .text.cmd_xd   0x0000000008006f94       0x58 /home/sangam/Desktop/nuttxspace/nuttx/staging/libapps.a(nsh_dbgcmds.c.home.sangam.Desktop.nuttxspace.apps.nshlib.o)
                0x0000000008006f94                cmd_xd
 .text.cmd_hexdump
                0x0000000008006fec       0x88 /home/sangam/Desktop/nuttxspace/nuttx/staging/libapps.a(nsh_dbgcmds.c.home.sangam.Desktop.nuttxspace.apps.nshlib.o)
                0x0000000008006fec                cmd_hexdump
 .text.nsh_catfile
                0x0000000008007074       0x80 /home/sangam/Desktop/nuttxspace/nuttx/staging/libapps.a(nsh_fsutils.c.home.sangam.Desktop.nuttxspace.apps.nshlib.o)
                0x0000000008007074                nsh_catfile
 .text.nsh_foreach_direntry
                0x00000000080070f4       0x40 /home/sangam/Desktop/nuttxspace/nuttx/staging/libapps.a(nsh_fsutils.c.home.sangam.Desktop.nuttxspace.apps.nshlib.o)
                0x00000000080070f4                nsh_foreach_direntry
 .text.nsh_trimdir
                0x0000000008007134       0x24 /home/sangam/Desktop/nuttxspace/nuttx/staging/libapps.a(nsh_fsutils.c.home.sangam.Desktop.nuttxspace.apps.nshlib.o)
                0x0000000008007134                nsh_trimdir
 .text.nsh_getdirpath
                0x0000000008007158       0x4c /home/sangam/Desktop/nuttxspace/nuttx/staging/libapps.a(nsh_fsutils.c.home.sangam.Desktop.nuttxspace.apps.nshlib.o)
                0x0000000008007158                nsh_getdirpath
 .text.nsh_builtin
                0x00000000080071a4       0x7c /home/sangam/Desktop/nuttxspace/nuttx/staging/libapps.a(nsh_builtin.c.home.sangam.Desktop.nuttxspace.apps.nshlib.o)
                0x00000000080071a4                nsh_builtin
 .text.cmd_mount
                0x0000000008007220       0xec /home/sangam/Desktop/nuttxspace/nuttx/staging/libapps.a(nsh_mntcmds.c.home.sangam.Desktop.nuttxspace.apps.nshlib.o)
                0x0000000008007220                cmd_mount
 .text.cmd_umount
                0x000000000800730c       0x24 /home/sangam/Desktop/nuttxspace/nuttx/staging/libapps.a(nsh_mntcmds.c.home.sangam.Desktop.nuttxspace.apps.nshlib.o)
                0x000000000800730c                cmd_umount
 .text.cmd_printf
                0x0000000008007330       0xdc /home/sangam/Desktop/nuttxspace/nuttx/staging/libapps.a(nsh_printf.c.home.sangam.Desktop.nuttxspace.apps.nshlib.o)
                0x0000000008007330                cmd_printf
 .text.expression
                0x000000000800740c      0x318 /home/sangam/Desktop/nuttxspace/nuttx/staging/libapps.a(nsh_test.c.home.sangam.Desktop.nuttxspace.apps.nshlib.o)
 .text.cmd_test
                0x0000000008007724        0x8 /home/sangam/Desktop/nuttxspace/nuttx/staging/libapps.a(nsh_test.c.home.sangam.Desktop.nuttxspace.apps.nshlib.o)
                0x0000000008007724                cmd_test
 .text.cmd_lbracket
                0x000000000800772c       0x34 /home/sangam/Desktop/nuttxspace/nuttx/staging/libapps.a(nsh_test.c.home.sangam.Desktop.nuttxspace.apps.nshlib.o)
                0x000000000800772c                cmd_lbracket
 .text.exec_builtin
                0x0000000008007760       0xc8 /home/sangam/Desktop/nuttxspace/nuttx/staging/libapps.a(exec_builtin.c.home.sangam.Desktop.nuttxspace.apps.builtin.o)
                0x0000000008007760                exec_builtin
 .text.sync_reboot_handler
                0x0000000008007828       0x12 /home/sangam/Desktop/nuttxspace/nuttx/staging/libfs.a(fs_initialize.o)
 *fill*         0x000000000800783a        0x2 
 .text.fs_initialize
                0x000000000800783c       0x14 /home/sangam/Desktop/nuttxspace/nuttx/staging/libfs.a(fs_initialize.o)
                0x000000000800783c                fs_initialize
 .text.task_fssync
                0x0000000008007850       0x4e /home/sangam/Desktop/nuttxspace/nuttx/staging/libfs.a(fs_files.o)
 .text.files_extend
                0x000000000800789e       0x60 /home/sangam/Desktop/nuttxspace/nuttx/staging/libfs.a(fs_files.o)
 .text.files_initlist
                0x00000000080078fe        0x4 /home/sangam/Desktop/nuttxspace/nuttx/staging/libfs.a(fs_files.o)
                0x00000000080078fe                files_initlist
 .text.files_releaselist
                0x0000000008007902       0x3a /home/sangam/Desktop/nuttxspace/nuttx/staging/libfs.a(fs_files.o)
                0x0000000008007902                files_releaselist
 .text.file_allocate_from_tcb
                0x000000000800793c      0x122 /home/sangam/Desktop/nuttxspace/nuttx/staging/libfs.a(fs_files.o)
                0x000000000800793c                file_allocate_from_tcb
 .text.files_duplist
                0x0000000008007a5e       0x78 /home/sangam/Desktop/nuttxspace/nuttx/staging/libfs.a(fs_files.o)
                0x0000000008007a5e                files_duplist
 .text.fs_getfilep
                0x0000000008007ad6       0x5c /home/sangam/Desktop/nuttxspace/nuttx/staging/libfs.a(fs_files.o)
                0x0000000008007ad6                fs_getfilep
 .text.nx_dup2_from_tcb
                0x0000000008007b32       0xba /home/sangam/Desktop/nuttxspace/nuttx/staging/libfs.a(fs_files.o)
                0x0000000008007b32                nx_dup2_from_tcb
 .text.nx_dup2  0x0000000008007bec       0x16 /home/sangam/Desktop/nuttxspace/nuttx/staging/libfs.a(fs_files.o)
                0x0000000008007bec                nx_dup2
 .text.nx_close_from_tcb
                0x0000000008007c02       0x72 /home/sangam/Desktop/nuttxspace/nuttx/staging/libfs.a(fs_files.o)
                0x0000000008007c02                nx_close_from_tcb
 .text.nx_close
                0x0000000008007c74       0x12 /home/sangam/Desktop/nuttxspace/nuttx/staging/libfs.a(fs_files.o)
                0x0000000008007c74                nx_close
 .text.close    0x0000000008007c86       0x1a /home/sangam/Desktop/nuttxspace/nuttx/staging/libfs.a(fs_files.o)
                0x0000000008007c86                close
 .text.sync     0x0000000008007ca0        0xc /home/sangam/Desktop/nuttxspace/nuttx/staging/libfs.a(fs_files.o)
                0x0000000008007ca0                sync
 .text.inode_initialize
                0x0000000008007cac        0x4 /home/sangam/Desktop/nuttxspace/nuttx/staging/libfs.a(fs_inode.o)
                0x0000000008007cac                inode_initialize
 .text.inode_lock
                0x0000000008007cb0        0xc /home/sangam/Desktop/nuttxspace/nuttx/staging/libfs.a(fs_inode.o)
                0x0000000008007cb0                inode_lock
 .text.inode_unlock
                0x0000000008007cbc        0xc /home/sangam/Desktop/nuttxspace/nuttx/staging/libfs.a(fs_inode.o)
                0x0000000008007cbc                inode_unlock
 .text.inode_addref
                0x0000000008007cc8       0x20 /home/sangam/Desktop/nuttxspace/nuttx/staging/libfs.a(fs_inodeaddref.o)
                0x0000000008007cc8                inode_addref
 .text.inode_alloc.isra.0
                0x0000000008007ce8       0x4c /home/sangam/Desktop/nuttxspace/nuttx/staging/libfs.a(fs_inodereserve.o)
 .text.inode_root_reserve
                0x0000000008007d34       0x18 /home/sangam/Desktop/nuttxspace/nuttx/staging/libfs.a(fs_inodereserve.o)
                0x0000000008007d34                inode_root_reserve
 .text.inode_reserve
                0x0000000008007d4c       0xa4 /home/sangam/Desktop/nuttxspace/nuttx/staging/libfs.a(fs_inodereserve.o)
                0x0000000008007d4c                inode_reserve
 .text.inode_nextname
                0x0000000008007df0       0x24 /home/sangam/Desktop/nuttxspace/nuttx/staging/libfs.a(fs_inodesearch.o)
                0x0000000008007df0                inode_nextname
 .text.inode_search
                0x0000000008007e14       0xd0 /home/sangam/Desktop/nuttxspace/nuttx/staging/libfs.a(fs_inodesearch.o)
                0x0000000008007e14                inode_search
 .text.file_close
                0x0000000008007ee4       0x2c /home/sangam/Desktop/nuttxspace/nuttx/staging/libfs.a(fs_close.o)
                0x0000000008007ee4                file_close
 .text.file_dup2
                0x0000000008007f10       0x90 /home/sangam/Desktop/nuttxspace/nuttx/staging/libfs.a(fs_dup2.o)
                0x0000000008007f10                file_dup2
 .text.file_vioctl
                0x0000000008007fa0      0x134 /home/sangam/Desktop/nuttxspace/nuttx/staging/libfs.a(fs_ioctl.o)
 .text.ioctl    0x00000000080080d4       0x36 /home/sangam/Desktop/nuttxspace/nuttx/staging/libfs.a(fs_ioctl.o)
                0x00000000080080d4                ioctl
 .text.file_seek
                0x000000000800810a       0x40 /home/sangam/Desktop/nuttxspace/nuttx/staging/libfs.a(fs_lseek.o)
                0x000000000800810a                file_seek
 .text.nx_seek  0x000000000800814a       0x1e /home/sangam/Desktop/nuttxspace/nuttx/staging/libfs.a(fs_lseek.o)
                0x000000000800814a                nx_seek
 .text.lseek    0x0000000008008168       0x1a /home/sangam/Desktop/nuttxspace/nuttx/staging/libfs.a(fs_lseek.o)
                0x0000000008008168                lseek
 .text.mkdir    0x0000000008008182       0x94 /home/sangam/Desktop/nuttxspace/nuttx/staging/libfs.a(fs_mkdir.o)
                0x0000000008008182                mkdir
 .text.inode_checkflags
                0x0000000008008216       0x36 /home/sangam/Desktop/nuttxspace/nuttx/staging/libfs.a(fs_open.o)
                0x0000000008008216                inode_checkflags
 .text.file_vopen
                0x000000000800824c       0xfa /home/sangam/Desktop/nuttxspace/nuttx/staging/libfs.a(fs_open.o)
 .text.nx_vopen
                0x0000000008008346       0x48 /home/sangam/Desktop/nuttxspace/nuttx/staging/libfs.a(fs_open.o)
 .text.nx_open_from_tcb
                0x000000000800838e       0x1a /home/sangam/Desktop/nuttxspace/nuttx/staging/libfs.a(fs_open.o)
                0x000000000800838e                nx_open_from_tcb
 .text.nx_open  0x00000000080083a8       0x26 /home/sangam/Desktop/nuttxspace/nuttx/staging/libfs.a(fs_open.o)
                0x00000000080083a8                nx_open
 .text.open     0x00000000080083ce       0x38 /home/sangam/Desktop/nuttxspace/nuttx/staging/libfs.a(fs_open.o)
                0x00000000080083ce                open
 .text.poll_notify
                0x0000000008008406       0x3e /home/sangam/Desktop/nuttxspace/nuttx/staging/libfs.a(fs_poll.o)
                0x0000000008008406                poll_notify
 .text.file_read
                0x0000000008008444       0x26 /home/sangam/Desktop/nuttxspace/nuttx/staging/libfs.a(fs_read.o)
                0x0000000008008444                file_read
 .text.nx_read  0x000000000800846a       0x1e /home/sangam/Desktop/nuttxspace/nuttx/staging/libfs.a(fs_read.o)
                0x000000000800846a                nx_read
 .text.read     0x0000000008008488       0x1a /home/sangam/Desktop/nuttxspace/nuttx/staging/libfs.a(fs_read.o)
                0x0000000008008488                read
 .text.rmdir    0x00000000080084a2       0x80 /home/sangam/Desktop/nuttxspace/nuttx/staging/libfs.a(fs_rmdir.o)
                0x00000000080084a2                rmdir
 .text.inode_stat
                0x0000000008008522       0x98 /home/sangam/Desktop/nuttxspace/nuttx/staging/libfs.a(fs_stat.o)
                0x0000000008008522                inode_stat
 .text.nx_stat  0x00000000080085ba       0x7e /home/sangam/Desktop/nuttxspace/nuttx/staging/libfs.a(fs_stat.o)
                0x00000000080085ba                nx_stat
 .text.stat     0x0000000008008638       0x1c /home/sangam/Desktop/nuttxspace/nuttx/staging/libfs.a(fs_stat.o)
                0x0000000008008638                stat
 .text.lstat    0x0000000008008654       0x1c /home/sangam/Desktop/nuttxspace/nuttx/staging/libfs.a(fs_stat.o)
                0x0000000008008654                lstat
 .text.nx_unlink
                0x0000000008008670       0x72 /home/sangam/Desktop/nuttxspace/nuttx/staging/libfs.a(fs_unlink.o)
                0x0000000008008670                nx_unlink
 .text.unlink   0x00000000080086e2       0x1c /home/sangam/Desktop/nuttxspace/nuttx/staging/libfs.a(fs_unlink.o)
                0x00000000080086e2                unlink
 .text.file_write
                0x00000000080086fe       0x26 /home/sangam/Desktop/nuttxspace/nuttx/staging/libfs.a(fs_write.o)
                0x00000000080086fe                file_write
 .text.nx_write
                0x0000000008008724       0x26 /home/sangam/Desktop/nuttxspace/nuttx/staging/libfs.a(fs_write.o)
                0x0000000008008724                nx_write
 .text.write    0x000000000800874a       0x1a /home/sangam/Desktop/nuttxspace/nuttx/staging/libfs.a(fs_write.o)
                0x000000000800874a                write
 .text.dir_ioctl
                0x0000000008008764       0x24 /home/sangam/Desktop/nuttxspace/nuttx/staging/libfs.a(fs_dir.o)
 .text.dir_read
                0x0000000008008788       0xc2 /home/sangam/Desktop/nuttxspace/nuttx/staging/libfs.a(fs_dir.o)
 .text.dir_close
                0x000000000800884a       0x46 /home/sangam/Desktop/nuttxspace/nuttx/staging/libfs.a(fs_dir.o)
 .text.dir_seek
                0x0000000008008890       0xae /home/sangam/Desktop/nuttxspace/nuttx/staging/libfs.a(fs_dir.o)
 *fill*         0x000000000800893e        0x2 
 .text.dir_allocate
                0x0000000008008940       0x94 /home/sangam/Desktop/nuttxspace/nuttx/staging/libfs.a(fs_dir.o)
                0x0000000008008940                dir_allocate
 .text.dir_open
                0x00000000080089d4        0x8 /home/sangam/Desktop/nuttxspace/nuttx/staging/libfs.a(fs_dir.o)
 .text.file_fsync
                0x00000000080089dc       0x38 /home/sangam/Desktop/nuttxspace/nuttx/staging/libfs.a(fs_fsync.o)
                0x00000000080089dc                file_fsync
 .text.register_driver
                0x0000000008008a14       0x42 /home/sangam/Desktop/nuttxspace/nuttx/staging/libfs.a(fs_registerdriver.o)
                0x0000000008008a14                register_driver
 .text.mount    0x0000000008008a56       0x10 /home/sangam/Desktop/nuttxspace/nuttx/staging/libfs.a(fs_mount.o)
                0x0000000008008a56                mount
 .text.nx_umount2
                0x0000000008008a66       0xac /home/sangam/Desktop/nuttxspace/nuttx/staging/libfs.a(fs_umount2.o)
                0x0000000008008a66                nx_umount2
 .text.umount2  0x0000000008008b12       0x1a /home/sangam/Desktop/nuttxspace/nuttx/staging/libfs.a(fs_umount2.o)
                0x0000000008008b12                umount2
 .text.inode_find
                0x0000000008008b2c       0x26 /home/sangam/Desktop/nuttxspace/nuttx/staging/libfs.a(fs_inodefind.o)
                0x0000000008008b2c                inode_find
 *fill*         0x0000000008008b52        0x2 
 .text.inode_getpath
                0x0000000008008b54       0x4c /home/sangam/Desktop/nuttxspace/nuttx/staging/libfs.a(fs_inodegetpath.o)
                0x0000000008008b54                inode_getpath
 .text.inode_release
                0x0000000008008ba0       0x3c /home/sangam/Desktop/nuttxspace/nuttx/staging/libfs.a(fs_inoderelease.o)
                0x0000000008008ba0                inode_release
 .text.inode_unlink
                0x0000000008008bdc       0x4a /home/sangam/Desktop/nuttxspace/nuttx/staging/libfs.a(fs_inoderemove.o)
                0x0000000008008bdc                inode_unlink
 .text.inode_remove
                0x0000000008008c26       0x2a /home/sangam/Desktop/nuttxspace/nuttx/staging/libfs.a(fs_inoderemove.o)
                0x0000000008008c26                inode_remove
 .text.inode_free
                0x0000000008008c50       0x1e /home/sangam/Desktop/nuttxspace/nuttx/staging/libfs.a(fs_inodefree.o)
                0x0000000008008c50                inode_free
 .text.binfmt_initialize
                0x0000000008008c6e        0x4 /home/sangam/Desktop/nuttxspace/nuttx/staging/libbinfmt.a(binfmt_initialize.o)
                0x0000000008008c6e                binfmt_initialize
 .text.builtin_loadbinary
                0x0000000008008c72       0x3a /home/sangam/Desktop/nuttxspace/nuttx/staging/libbinfmt.a(builtin.o)
 .text.builtin_initialize
                0x0000000008008cac        0xc /home/sangam/Desktop/nuttxspace/nuttx/staging/libbinfmt.a(builtin.o)
                0x0000000008008cac                builtin_initialize
 .text.register_binfmt
                0x0000000008008cb8       0x24 /home/sangam/Desktop/nuttxspace/nuttx/staging/libbinfmt.a(binfmt_register.o)
                0x0000000008008cb8                register_binfmt
 .text          0x0000000008008cdc       0xa0 /opt/gcc-arm-none-eabi-9-2020-q2-update/bin/../lib/gcc/arm-none-eabi/9.3.1/thumb/v7-m/nofp/libgcc.a(_aeabi_ldivmod.o)
                0x0000000008008cdc                __aeabi_ldivmod
 .text          0x0000000008008d7c      0x2c4 /opt/gcc-arm-none-eabi-9-2020-q2-update/bin/../lib/gcc/arm-none-eabi/9.3.1/thumb/v7-m/nofp/libgcc.a(_udivmoddi4.o)
                0x0000000008008d7c                __udivmoddi4
 .text          0x0000000008009040        0x4 /opt/gcc-arm-none-eabi-9-2020-q2-update/bin/../lib/gcc/arm-none-eabi/9.3.1/thumb/v7-m/nofp/libgcc.a(_dvmd_tls.o)
                0x0000000008009040                __aeabi_ldiv0
                0x0000000008009040                __aeabi_idiv0
 .text.getenv   0x0000000008009044       0x58 /home/sangam/Desktop/nuttxspace/nuttx/staging/libsched.a(env_getenv.o)
                0x0000000008009044                getenv
 .text.nx_pthread_exit
                0x000000000800909c       0x40 /home/sangam/Desktop/nuttxspace/nuttx/staging/libsched.a(pthread_exit.o)
                0x000000000800909c                nx_pthread_exit
 .text.nxsched_get_files_from_tcb
                0x00000000080090dc        0x8 /home/sangam/Desktop/nuttxspace/nuttx/staging/libsched.a(sched_getfiles.o)
                0x00000000080090dc                nxsched_get_files_from_tcb
 .text.nxsched_get_files
                0x00000000080090e4       0x10 /home/sangam/Desktop/nuttxspace/nuttx/staging/libsched.a(sched_getfiles.o)
                0x00000000080090e4                nxsched_get_files
 .text.nxsched_get_scheduler
                0x00000000080090f4       0x24 /home/sangam/Desktop/nuttxspace/nuttx/staging/libsched.a(sched_getscheduler.o)
                0x00000000080090f4                nxsched_get_scheduler
 .text.sched_getscheduler
                0x0000000008009118       0x1a /home/sangam/Desktop/nuttxspace/nuttx/staging/libsched.a(sched_getscheduler.o)
                0x0000000008009118                sched_getscheduler
 *fill*         0x0000000008009132        0x2 
 .text.sched_idletask
                0x0000000008009134       0x1c /home/sangam/Desktop/nuttxspace/nuttx/staging/libsched.a(sched_idletask.o)
                0x0000000008009134                sched_idletask
 .text.nxsched_self
                0x0000000008009150        0xc /home/sangam/Desktop/nuttxspace/nuttx/staging/libsched.a(sched_self.o)
                0x0000000008009150                nxsched_self
 .text.nxsched_get_stackinfo
                0x000000000800915c       0x44 /home/sangam/Desktop/nuttxspace/nuttx/staging/libsched.a(sched_get_stackinfo.o)
                0x000000000800915c                nxsched_get_stackinfo
 .text.nxsched_waitpid
                0x00000000080091a0       0x7a /home/sangam/Desktop/nuttxspace/nuttx/staging/libsched.a(sched_waitpid.o)
                0x00000000080091a0                nxsched_waitpid
 .text.waitpid  0x000000000800921a       0x1a /home/sangam/Desktop/nuttxspace/nuttx/staging/libsched.a(sched_waitpid.o)
                0x000000000800921a                waitpid
 .text.nxsched_resume_scheduler
                0x0000000008009234        0x2 /home/sangam/Desktop/nuttxspace/nuttx/staging/libsched.a(sched_resumescheduler.o)
                0x0000000008009234                nxsched_resume_scheduler
 *fill*         0x0000000008009236        0x2 
 .text.nxsched_process_timer
                0x0000000008009238       0x28 /home/sangam/Desktop/nuttxspace/nuttx/staging/libsched.a(sched_processtimer.o)
                0x0000000008009238                nxsched_process_timer
 .text.nxsem_tickwait
                0x0000000008009260       0x54 /home/sangam/Desktop/nuttxspace/nuttx/staging/libsched.a(sem_tickwait.o)
                0x0000000008009260                nxsem_tickwait
 .text.nxsem_reset
                0x00000000080092b4       0x40 /home/sangam/Desktop/nuttxspace/nuttx/staging/libsched.a(sem_reset.o)
                0x00000000080092b4                nxsem_reset
 .text.nxsig_usleep
                0x00000000080092f4       0x2c /home/sangam/Desktop/nuttxspace/nuttx/staging/libsched.a(sig_usleep.o)
                0x00000000080092f4                nxsig_usleep
 .text.nxtask_exit
                0x0000000008009320       0x38 /home/sangam/Desktop/nuttxspace/nuttx/staging/libsched.a(task_exit.o)
                0x0000000008009320                nxtask_exit
 .text.task_setcancelstate
                0x0000000008009358       0x70 /home/sangam/Desktop/nuttxspace/nuttx/staging/libsched.a(task_setcancelstate.o)
                0x0000000008009358                task_setcancelstate
 .text.group_add_waiter
                0x00000000080093c8        0x8 /home/sangam/Desktop/nuttxspace/nuttx/staging/libsched.a(group_waiter.o)
                0x00000000080093c8                group_add_waiter
 .text.group_del_waiter
                0x00000000080093d0        0xa /home/sangam/Desktop/nuttxspace/nuttx/staging/libsched.a(group_waiter.o)
                0x00000000080093d0                group_del_waiter
 *fill*         0x00000000080093da        0x2 
 .text.nxsched_add_blocked
                0x00000000080093dc       0x38 /home/sangam/Desktop/nuttxspace/nuttx/staging/libsched.a(sched_addblocked.o)
                0x00000000080093dc                nxsched_add_blocked
 .text.nxsched_process_roundrobin
                0x0000000008009414       0x50 /home/sangam/Desktop/nuttxspace/nuttx/staging/libsched.a(sched_roundrobin.o)
                0x0000000008009414                nxsched_process_roundrobin
 .text.nxsig_nanosleep
                0x0000000008009464       0x8c /home/sangam/Desktop/nuttxspace/nuttx/staging/libsched.a(sig_nanosleep.o)
                0x0000000008009464                nxsig_nanosleep
 .text.clock_nanosleep
                0x00000000080094f0       0x62 /home/sangam/Desktop/nuttxspace/nuttx/staging/libsched.a(sig_nanosleep.o)
                0x00000000080094f0                clock_nanosleep
 *fill*         0x0000000008009552        0x2 
 .text.nxsig_timeout
                0x0000000008009554       0x58 /home/sangam/Desktop/nuttxspace/nuttx/staging/libsched.a(sig_timedwait.o)
 .text.nxsig_timedwait
                0x00000000080095ac      0x18c /home/sangam/Desktop/nuttxspace/nuttx/staging/libsched.a(sig_timedwait.o)
                0x00000000080095ac                nxsig_timedwait
 .text.nx_vsyslog
                0x0000000008009738       0x34 /home/sangam/Desktop/nuttxspace/nuttx/staging/libdrivers.a(vsyslog.o)
                0x0000000008009738                nx_vsyslog
 .text.boardctl
                0x000000000800976c       0x38 /home/sangam/Desktop/nuttxspace/nuttx/staging/libboards.a(boardctl.o)
                0x000000000800976c                boardctl
 .text.builtin_isavail
                0x00000000080097a4       0x24 /home/sangam/Desktop/nuttxspace/nuttx/staging/libc.a(lib_builtin_isavail.o)
                0x00000000080097a4                builtin_isavail
 .text.builtin_for_index
                0x00000000080097c8       0x1c /home/sangam/Desktop/nuttxspace/nuttx/staging/libc.a(lib_builtin_forindex.o)
                0x00000000080097c8                builtin_for_index
 .text.isxdigit
                0x00000000080097e4       0x1c /home/sangam/Desktop/nuttxspace/nuttx/staging/libc.a(lib_isxdigit.o)
                0x00000000080097e4                isxdigit
 .text.tolower  0x0000000008009800        0xc /home/sangam/Desktop/nuttxspace/nuttx/staging/libc.a(lib_tolower.o)
                0x0000000008009800                tolower